Archive member included to satisfy reference by file (symbol)

C:/Program Files/SEGGER/SEGGER Embedded Studio for ARM 7.10a/lib/libc_v7em_fpv4_sp_d16_hard_t_le_eabi_balanced.a(strasmops_arm.o)
                              Output/Debug/Obj/blinky_example/nrf_fprintf_format.o (strlen)
C:/Program Files/SEGGER/SEGGER Embedded Studio for ARM 7.10a/lib/libc_v7em_fpv4_sp_d16_hard_t_le_eabi_balanced.a(__SEGGER_RTL_vfprintf_long.o)
                              (__SEGGER_RTL_vfprintf_long)
C:/Program Files/SEGGER/SEGGER Embedded Studio for ARM 7.10a/lib/libc_v7em_fpv4_sp_d16_hard_t_le_eabi_balanced.a(__SEGGER_RTL_vfscanf_long.o)
                              (__SEGGER_RTL_vfscanf_long)
C:/Program Files/SEGGER/SEGGER Embedded Studio for ARM 7.10a/lib/libc_v7em_fpv4_sp_d16_hard_t_le_eabi_balanced.a(intasmops_arm.o)
                              C:/Program Files/SEGGER/SEGGER Embedded Studio for ARM 7.10a/lib/libc_v7em_fpv4_sp_d16_hard_t_le_eabi_balanced.a(__SEGGER_RTL_vfprintf_long.o) (__aeabi_uldivmod)
C:/Program Files/SEGGER/SEGGER Embedded Studio for ARM 7.10a/lib/libc_v7em_fpv4_sp_d16_hard_t_le_eabi_balanced.a(mbops.o)
                              C:/Program Files/SEGGER/SEGGER Embedded Studio for ARM 7.10a/lib/libc_v7em_fpv4_sp_d16_hard_t_le_eabi_balanced.a(__SEGGER_RTL_vfscanf_long.o) (isdigit)
C:/Program Files/SEGGER/SEGGER Embedded Studio for ARM 7.10a/lib/libc_v7em_fpv4_sp_d16_hard_t_le_eabi_balanced.a(sortops.o)
                              C:/Program Files/SEGGER/SEGGER Embedded Studio for ARM 7.10a/lib/libc_v7em_fpv4_sp_d16_hard_t_le_eabi_balanced.a(mbops.o) (bsearch)
C:/Program Files/SEGGER/SEGGER Embedded Studio for ARM 7.10a/lib/libc_v7em_fpv4_sp_d16_hard_t_le_eabi_balanced.a(strops.o)
                              C:/Program Files/SEGGER/SEGGER Embedded Studio for ARM 7.10a/lib/libc_v7em_fpv4_sp_d16_hard_t_le_eabi_balanced.a(__SEGGER_RTL_vfprintf_long.o) (strnlen)
C:/Program Files/SEGGER/SEGGER Embedded Studio for ARM 7.10a/lib/libc_v7em_fpv4_sp_d16_hard_t_le_eabi_balanced.a(timeops.o)
                              C:/Program Files/SEGGER/SEGGER Embedded Studio for ARM 7.10a/lib/libc_v7em_fpv4_sp_d16_hard_t_le_eabi_balanced.a(mbops.o) (__SEGGER_RTL_string_list_encode)
C:/Program Files/SEGGER/SEGGER Embedded Studio for ARM 7.10a/lib/libc_v7em_fpv4_sp_d16_hard_t_le_eabi_balanced.a(utilops.o)
                              C:/Program Files/SEGGER/SEGGER Embedded Studio for ARM 7.10a/lib/libc_v7em_fpv4_sp_d16_hard_t_le_eabi_balanced.a(__SEGGER_RTL_vfscanf_long.o) (__SEGGER_RTL_digit)
C:/Program Files/SEGGER/SEGGER Embedded Studio for ARM 7.10a/lib/libc_v7em_fpv4_sp_d16_hard_t_le_eabi_balanced.a(prinops.o)
                              C:/Program Files/SEGGER/SEGGER Embedded Studio for ARM 7.10a/lib/libc_v7em_fpv4_sp_d16_hard_t_le_eabi_balanced.a(__SEGGER_RTL_vfprintf_long.o) (__SEGGER_RTL_putc)
C:/Program Files/SEGGER/SEGGER Embedded Studio for ARM 7.10a/lib/libc_v7em_fpv4_sp_d16_hard_t_le_eabi_balanced.a(errno.o)
                              C:/Program Files/SEGGER/SEGGER Embedded Studio for ARM 7.10a/lib/libc_v7em_fpv4_sp_d16_hard_t_le_eabi_balanced.a(mbops.o) (__aeabi_errno_addr)
C:/Program Files/SEGGER/SEGGER Embedded Studio for ARM 7.10a/lib/libc_v7em_fpv4_sp_d16_hard_t_le_eabi_balanced.a(execops.o)
                              C:/Program Files/SEGGER/SEGGER Embedded Studio for ARM 7.10a/lib/libc_v7em_fpv4_sp_d16_hard_t_le_eabi_balanced.a(strops.o) (__SEGGER_RTL_constraint_violation)
C:/Program Files/SEGGER/SEGGER Embedded Studio for ARM 7.10a/lib/libc_v7em_fpv4_sp_d16_hard_t_le_eabi_balanced.a(execops_arm.o)
                              C:/Program Files/SEGGER/SEGGER Embedded Studio for ARM 7.10a/lib/libc_v7em_fpv4_sp_d16_hard_t_le_eabi_balanced.a(execops.o) (__aeabi_SIGABRT)
C:/Program Files/SEGGER/SEGGER Embedded Studio for ARM 7.10a/lib/libc_v7em_fpv4_sp_d16_hard_t_le_eabi_balanced.a(fileops.o)
                              C:/Program Files/SEGGER/SEGGER Embedded Studio for ARM 7.10a/lib/libc_v7em_fpv4_sp_d16_hard_t_le_eabi_balanced.a(prinops.o) (fwrite)
C:/Program Files/SEGGER/SEGGER Embedded Studio for ARM 7.10a/lib/libc_v7em_fpv4_sp_d16_hard_t_le_eabi_balanced.a(floatasmops_arm.o)
                              C:/Program Files/SEGGER/SEGGER Embedded Studio for ARM 7.10a/lib/libc_v7em_fpv4_sp_d16_hard_t_le_eabi_balanced.a(utilops.o) (__aeabi_dmul)
C:/Program Files/SEGGER/SEGGER Embedded Studio for ARM 7.10a/lib/libc_v7em_fpv4_sp_d16_hard_t_le_eabi_balanced.a(intops.o)
                              C:/Program Files/SEGGER/SEGGER Embedded Studio for ARM 7.10a/lib/libc_v7em_fpv4_sp_d16_hard_t_le_eabi_balanced.a(timeops.o) (div)
C:/Program Files/SEGGER/SEGGER Embedded Studio for ARM 7.10a/lib/libc_v7em_fpv4_sp_d16_hard_t_le_eabi_balanced.a(convops.o)
                              C:/Program Files/SEGGER/SEGGER Embedded Studio for ARM 7.10a/lib/libc_v7em_fpv4_sp_d16_hard_t_le_eabi_balanced.a(execops.o) (itoa)
[...]
Memory Configuration

Name             Origin             Length             Attributes
UNPLACED_SECTIONS 0x0000000100000000 0x0000000000000000 xw
RAM1             0x0000000020000000 0x0000000000040000 xw
FLASH1           0x0000000000000000 0x0000000000100000 xw
*default*        0x0000000000000000 0xffffffffffffffff

Linker script and memory map

                0x0000000000000000                __SEGGER_RTL_vfprintf = __SEGGER_RTL_vfprintf_long
                0x0000000000000000                __SEGGER_RTL_vfscanf = __SEGGER_RTL_vfscanf_long
                0x0000000020000000                __RAM1_segment_start__ = 0x20000000
                0x0000000020040000                __RAM1_segment_end__ = 0x20040000
                0x0000000000040000                __RAM1_segment_size__ = 0x40000
                0x0000000000000000                __FLASH1_segment_start__ = 0x0
                0x0000000000100000                __FLASH1_segment_end__ = 0x100000
                0x0000000000100000                __FLASH1_segment_size__ = 0x100000
                0x0000000000002000                __HEAPSIZE__ = 0x2000
                0x0000000000000000                __STACKSIZE_PROCESS__ = 0x0
                0x0000000000002000                __STACKSIZE__ = 0x2000
                0x0000000020000000                __vectors_ram_load_start__ = 0x20000000

.vectors_ram    0x0000000020000000        0x0
                0x0000000020000000                __vectors_ram_start__ = .
                0x0000000020000000                __app_ram_start__ = __vectors_ram_start__
 *(.vectors_ram .vectors_ram.*)
                0x0000000020000000                __vectors_ram_end__ = (__vectors_ram_start__ + SIZEOF (.vectors_ram))
                0x0000000000000000                __vectors_ram_size__ = SIZEOF (.vectors_ram)
                0x0000000020000000                __vectors_ram_load_end__ = __vectors_ram_end__
                0x0000000000000001                . = ASSERT (((__vectors_ram_start__ == __vectors_ram_end__) || ((__vectors_ram_end__ - __RAM1_segment_start__) <= __RAM1_segment_size__)), error: .vectors_ram is too large to fit in RAM1 memory segment)
                0x0000000020000000                __nrf_sections_run_load_start__ = ALIGN (__vectors_ram_end__, 0x4)

.nrf_sections_run
                0x0000000020000000        0x0
                0x0000000020000000                __nrf_sections_run_start__ = .
                0x0000000020000000                __start_nrf_sections_run = __nrf_sections_run_start__
 *(.nrf_sections_run .nrf_sections_run.*)
                0x0000000020000000                __nrf_sections_run_end__ = (__nrf_sections_run_start__ + SIZEOF (.nrf_sections_run))
                0x0000000000000000                __nrf_sections_run_size__ = SIZEOF (.nrf_sections_run)
                0x0000000020000000                __nrf_sections_run_load_end__ = __nrf_sections_run_end__
                0x0000000000000001                . = ASSERT (((__nrf_sections_run_start__ == __nrf_sections_run_end__) || ((__nrf_sections_run_end__ - __RAM1_segment_start__) <= __RAM1_segment_size__)), error: .nrf_sections_run is too large to fit in RAM1 memory segment)
                0x0000000000000000                __vectors_load_start__ = 0x0

.vectors        0x0000000000000000      0x200
                0x0000000000000000                __vectors_start__ = .
 *(.vectors .vectors.*)
 .vectors       0x0000000000000000      0x200 Output/Debug/Obj/blinky_example/ses_startup_nrf52840.o
                0x0000000000000000                _vectors
                0x0000000000000200                __vectors_end__ = (__vectors_start__ + SIZEOF (.vectors))
                0x0000000000000200                __vectors_size__ = SIZEOF (.vectors)
                0x0000000000000200                __vectors_load_end__ = __vectors_end__
                0x0000000000000001                . = ASSERT (((__vectors_start__ == __vectors_end__) || ((__vectors_end__ - __FLASH1_segment_start__) <= __FLASH1_segment_size__)), error: .vectors is too large to fit in FLASH1 memory segment)
                0x0000000000000200                __init_load_start__ = ALIGN (__vectors_end__, 0x4)

.init           0x0000000000000200      0x1cc
                0x0000000000000200                __init_start__ = .
 *(.init .init.*)
 .init          0x0000000000000200      0x158 Output/Debug/Obj/blinky_example/thumb_crt0.o
                0x0000000000000200                _start
                0x00000000000002ae                exit
 .init          0x0000000000000358       0x18 Output/Debug/Obj/blinky_example/ses_startup_nrf52840.o
                0x0000000000000358                NMI_Handler
                0x000000000000035a                HardFault_Handler
                0x000000000000035c                MemoryManagement_Handler
                0x000000000000035e                BusFault_Handler
                0x0000000000000360                UsageFault_Handler
                0x0000000000000364                DebugMon_Handler
                0x0000000000000368                SysTick_Handler
                0x000000000000036a                SWI2_EGU2_IRQHandler
                0x000000000000036a                PWM1_IRQHandler
                0x000000000000036a                RTC0_IRQHandler
                0x000000000000036a                RADIO_IRQHandler
                0x000000000000036a                PDM_IRQHandler
                0x000000000000036a                QSPI_IRQHandler
                0x000000000000036a                QDEC_IRQHandler
                0x000000000000036a                TIMER3_IRQHandler
                0x000000000000036a                PWM3_IRQHandler
                0x000000000000036a                FPU_IRQHandler
                0x000000000000036a                USBD_IRQHandler
                0x000000000000036a                SPIM0_SPIS0_TWIM0_TWIS0_SPI0_TWI0_IRQHandler
                0x000000000000036a                TEMP_IRQHandler
                0x000000000000036a                UARTE0_UART0_IRQHandler
                0x000000000000036a                TIMER4_IRQHandler
                0x000000000000036a                SWI0_EGU0_IRQHandler
                0x000000000000036a                I2S_IRQHandler
                0x000000000000036a                SWI4_EGU4_IRQHandler
                0x000000000000036a                TIMER0_IRQHandler
                0x000000000000036a                UARTE1_IRQHandler
                0x000000000000036a                Dummy_Handler
                0x000000000000036a                TIMER1_IRQHandler
                0x000000000000036a                SPIM3_IRQHandler
                0x000000000000036a                PWM2_IRQHandler
                0x000000000000036a                ECB_IRQHandler
                0x000000000000036a                SPIM1_SPIS1_TWIM1_TWIS1_SPI1_TWI1_IRQHandler
                0x000000000000036a                SAADC_IRQHandler
                0x000000000000036a                CCM_AAR_IRQHandler
                0x000000000000036a                WDT_IRQHandler
                0x000000000000036a                SWI5_EGU5_IRQHandler
                0x000000000000036a                RNG_IRQHandler
                0x000000000000036a                RTC2_IRQHandler
                0x000000000000036a                PWM0_IRQHandler
                0x000000000000036a                SWI3_EGU3_IRQHandler
                0x000000000000036a                SWI1_EGU1_IRQHandler
                0x000000000000036a                SPIM2_SPIS2_SPI2_IRQHandler
                0x000000000000036a                NFCT_IRQHandler
                0x000000000000036a                CRYPTOCELL_IRQHandler
                0x000000000000036a                MWU_IRQHandler
                0x000000000000036a                TIMER2_IRQHandler
                0x000000000000036a                COMP_LPCOMP_IRQHandler
                0x000000000000036c                nRFInitialize
 .init          0x0000000000000370       0x5c Output/Debug/Obj/blinky_example/ses_startup_nrf_common.o
                0x0000000000000370                Reset_Handler
                0x0000000000000374                afterInitialize
                0x0000000000000398                InitializeUserMemorySections
                0x00000000000003cc                __init_end__ = (__init_start__ + SIZEOF (.init))
                0x00000000000001cc                __init_size__ = SIZEOF (.init)
                0x00000000000003cc                __init_load_end__ = __init_end__
                0x0000000000000001                . = ASSERT (((__init_start__ == __init_end__) || ((__init_end__ - __FLASH1_segment_start__) <= __FLASH1_segment_size__)), error: .init is too large to fit in FLASH1 memory segment)
                0x00000000000003cc                __init_rodata_load_start__ = ALIGN (__init_end__, 0x4)

.init_rodata    0x00000000000003cc        0x0
                0x00000000000003cc                __init_rodata_start__ = .
 *(.init_rodata .init_rodata.*)
                0x00000000000003cc                __init_rodata_end__ = (__init_rodata_start__ + SIZEOF (.init_rodata))
                0x0000000000000000                __init_rodata_size__ = SIZEOF (.init_rodata)
                0x00000000000003cc                __init_rodata_load_end__ = __init_rodata_end__
                0x0000000000000001                . = ASSERT (((__init_rodata_start__ == __init_rodata_end__) || ((__init_rodata_end__ - __FLASH1_segment_start__) <= __FLASH1_segment_size__)), error: .init_rodata is too large to fit in FLASH1 memory segment)
                0x00000000000003cc                __text_load_start__ = ALIGN (__init_rodata_end__, 0x4)

.text           0x00000000000003cc     0x3cb4
                0x00000000000003cc                __text_start__ = .
 *(.text .text.* .gnu.linkonce.t.* .glue_7t .glue_7 .gcc_except_table .ARM.extab* .gnu.linkonce.armextab.*)
 .glue_7        0x00000000000003cc        0x0 linker stubs
 .glue_7t       0x00000000000003cc        0x0 linker stubs
 .text.nrf_gpio_pin_port_decode
                0x00000000000003cc       0x4c Output/Debug/Obj/blinky_example/boards.o
 .text.nrf_gpio_cfg
                0x0000000000000418       0x62 Output/Debug/Obj/blinky_example/boards.o
 .text.nrf_gpio_cfg_output
                0x000000000000047a       0x22 Output/Debug/Obj/blinky_example/boards.o
 .text.nrf_gpio_cfg_input
                0x000000000000049c       0x2a Output/Debug/Obj/blinky_example/boards.o
 .text.nrf_gpio_pin_set
                0x00000000000004c6       0x28 Output/Debug/Obj/blinky_example/boards.o
 .text.nrf_gpio_pin_clear
                0x00000000000004ee       0x28 Output/Debug/Obj/blinky_example/boards.o
 .text.nrf_gpio_pin_toggle
                0x0000000000000516       0x44 Output/Debug/Obj/blinky_example/boards.o
 .text.nrf_gpio_pin_write
                0x000000000000055a       0x24 Output/Debug/Obj/blinky_example/boards.o
 .text.nrf_gpio_port_out_set
                0x000000000000057e       0x14 Output/Debug/Obj/blinky_example/boards.o
 .text.nrf_gpio_port_out_clear
                0x0000000000000592       0x14 Output/Debug/Obj/blinky_example/boards.o
 .text.nrf_gpio_pin_present_check
                0x00000000000005a6       0x50 Output/Debug/Obj/blinky_example/boards.o
 *fill*         0x00000000000005f6        0x2 
 .text.bsp_board_led_off
                0x00000000000005f8       0x34 Output/Debug/Obj/blinky_example/boards.o
                0x00000000000005f8                bsp_board_led_off
 .text.bsp_board_leds_off
                0x000000000000062c       0x26 Output/Debug/Obj/blinky_example/boards.o
                0x000000000000062c                bsp_board_leds_off
 *fill*         0x0000000000000652        0x2 
 .text.bsp_board_led_invert
                0x0000000000000654       0x34 Output/Debug/Obj/blinky_example/boards.o
                0x0000000000000654                bsp_board_led_invert
 .text.bsp_board_leds_init
                0x0000000000000688       0x34 Output/Debug/Obj/blinky_example/boards.o
 .text.bsp_board_buttons_init
                0x00000000000006bc       0x34 Output/Debug/Obj/blinky_example/boards.o
 .text.bsp_board_init
                0x00000000000006f0       0x2a Output/Debug/Obj/blinky_example/boards.o
                0x00000000000006f0                bsp_board_init
 *fill*         0x000000000000071a        0x2 
 .text.pvPortMalloc
                0x000000000000071c       0x88 Output/Debug/Obj/blinky_example/heap_1.o
                0x000000000000071c                pvPortMalloc
 .text.vPortFree
                0x00000000000007a4       0x20 Output/Debug/Obj/blinky_example/heap_1.o
                0x00000000000007a4                vPortFree
 .text.vListInitialise
                0x00000000000007c4       0x36 Output/Debug/Obj/blinky_example/list.o
                0x00000000000007c4                vListInitialise
 .text.vListInitialiseItem
                0x00000000000007fa       0x10 Output/Debug/Obj/blinky_example/list.o
                0x00000000000007fa                vListInitialiseItem
 .text.vListInsertEnd
                0x000000000000080a       0x3e Output/Debug/Obj/blinky_example/list.o
                0x000000000000080a                vListInsertEnd
 .text.vListInsert
                0x0000000000000848       0x68 Output/Debug/Obj/blinky_example/list.o
                0x0000000000000848                vListInsert
 .text.uxListRemove
                0x00000000000008b0       0x4a Output/Debug/Obj/blinky_example/list.o
                0x00000000000008b0                uxListRemove
 *fill*         0x00000000000008fa        0x2 
 .text.vPortStartFirstTask
                0x00000000000008fc       0x20 Output/Debug/Obj/blinky_example/port.o
                0x00000000000008fc                vPortStartFirstTask
 .text.SVC_Handler
                0x000000000000091c       0x24 Output/Debug/Obj/blinky_example/port.o
                0x000000000000091c                SVC_Handler
 .text.PendSV_Handler
                0x0000000000000940       0x64 Output/Debug/Obj/blinky_example/port.o
                0x0000000000000940                PendSV_Handler
 .text.__NVIC_GetPriorityGrouping
                0x00000000000009a4       0x14 Output/Debug/Obj/blinky_example/port_cmsis.o
 .text.__NVIC_SetPriority
                0x00000000000009b8       0x50 Output/Debug/Obj/blinky_example/port_cmsis.o
 .text.pxPortInitialiseStack
                0x0000000000000a08       0x60 Output/Debug/Obj/blinky_example/port_cmsis.o
                0x0000000000000a08                pxPortInitialiseStack
 .text.prvTaskExitError
                0x0000000000000a68       0x2c Output/Debug/Obj/blinky_example/port_cmsis.o
 .text.xPortStartScheduler
                0x0000000000000a94       0xe8 Output/Debug/Obj/blinky_example/port_cmsis.o
                0x0000000000000a94                xPortStartScheduler
 .text.vPortEnterCritical
                0x0000000000000b7c       0x4c Output/Debug/Obj/blinky_example/port_cmsis.o
                0x0000000000000b7c                vPortEnterCritical
 .text.vPortExitCritical
                0x0000000000000bc8       0x44 Output/Debug/Obj/blinky_example/port_cmsis.o
                0x0000000000000bc8                vPortExitCritical
 .text.vPortEnableVFP
                0x0000000000000c0c       0x18 Output/Debug/Obj/blinky_example/port_cmsis.o
 .text.vPortValidateInterruptPriority
                0x0000000000000c24       0x78 Output/Debug/Obj/blinky_example/port_cmsis.o
                0x0000000000000c24                vPortValidateInterruptPriority
 .text.__NVIC_EnableIRQ
                0x0000000000000c9c       0x34 Output/Debug/Obj/blinky_example/port_cmsis_systick.o
 .text.__NVIC_ClearPendingIRQ
                0x0000000000000cd0       0x38 Output/Debug/Obj/blinky_example/port_cmsis_systick.o
 .text.__NVIC_SetPriority
                0x0000000000000d08       0x50 Output/Debug/Obj/blinky_example/port_cmsis_systick.o
 .text.ulPortRaiseBASEPRI
                0x0000000000000d58       0x20 Output/Debug/Obj/blinky_example/port_cmsis_systick.o
 .text.nrf_rtc_cc_set
                0x0000000000000d78       0x1c Output/Debug/Obj/blinky_example/port_cmsis_systick.o
 .text.nrf_rtc_int_enable
                0x0000000000000d94       0x14 Output/Debug/Obj/blinky_example/port_cmsis_systick.o
 .text.nrf_rtc_int_disable
                0x0000000000000da8       0x14 Output/Debug/Obj/blinky_example/port_cmsis_systick.o
 .text.nrf_rtc_event_clear
                0x0000000000000dbc       0x2a Output/Debug/Obj/blinky_example/port_cmsis_systick.o
 .text.nrf_rtc_counter_get
                0x0000000000000de6       0x10 Output/Debug/Obj/blinky_example/port_cmsis_systick.o
 *fill*         0x0000000000000df6        0x2 
 .text.nrf_rtc_prescaler_set
                0x0000000000000df8       0x30 Output/Debug/Obj/blinky_example/port_cmsis_systick.o
 .text.nrf_rtc_task_trigger
                0x0000000000000e28       0x1e Output/Debug/Obj/blinky_example/port_cmsis_systick.o
 .text.nrf_rtc_event_enable
                0x0000000000000e46       0x14 Output/Debug/Obj/blinky_example/port_cmsis_systick.o
 *fill*         0x0000000000000e5a        0x2 
 .text.RTC1_IRQHandler
                0x0000000000000e5c       0x94 Output/Debug/Obj/blinky_example/port_cmsis_systick.o
                0x0000000000000e5c                RTC1_IRQHandler
 .text.vPortSetupTimerInterrupt
                0x0000000000000ef0       0x48 Output/Debug/Obj/blinky_example/port_cmsis_systick.o
                0x0000000000000ef0                vPortSetupTimerInterrupt
 .text.vPortSuppressTicksAndSleep
                0x0000000000000f38       0xf0 Output/Debug/Obj/blinky_example/port_cmsis_systick.o
                0x0000000000000f38                vPortSuppressTicksAndSleep
 .text.ulPortRaiseBASEPRI
                0x0000000000001028       0x20 Output/Debug/Obj/blinky_example/queue.o
 .text.xQueueGenericReset
                0x0000000000001048       0xc8 Output/Debug/Obj/blinky_example/queue.o
                0x0000000000001048                xQueueGenericReset
 .text.xQueueGenericCreate
                0x0000000000001110       0x70 Output/Debug/Obj/blinky_example/queue.o
                0x0000000000001110                xQueueGenericCreate
 .text.prvInitialiseNewQueue
                0x0000000000001180       0x3e Output/Debug/Obj/blinky_example/queue.o
 *fill*         0x00000000000011be        0x2 
 .text.xQueueGenericSend
                0x00000000000011c0      0x1c0 Output/Debug/Obj/blinky_example/queue.o
                0x00000000000011c0                xQueueGenericSend
 .text.xQueueGenericSendFromISR
                0x0000000000001380       0xe4 Output/Debug/Obj/blinky_example/queue.o
                0x0000000000001380                xQueueGenericSendFromISR
 .text.xQueueReceive
                0x0000000000001464      0x194 Output/Debug/Obj/blinky_example/queue.o
                0x0000000000001464                xQueueReceive
 .text.prvCopyDataToQueue
                0x00000000000015f8       0xd2 Output/Debug/Obj/blinky_example/queue.o
 .text.prvCopyDataFromQueue
                0x00000000000016ca       0x4a Output/Debug/Obj/blinky_example/queue.o
 .text.prvUnlockQueue
                0x0000000000001714       0xae Output/Debug/Obj/blinky_example/queue.o
 .text.prvIsQueueEmpty
                0x00000000000017c2       0x2a Output/Debug/Obj/blinky_example/queue.o
 .text.prvIsQueueFull
                0x00000000000017ec       0x2e Output/Debug/Obj/blinky_example/queue.o
 *fill*         0x000000000000181a        0x2 
 .text.vQueueAddToRegistry
                0x000000000000181c       0x48 Output/Debug/Obj/blinky_example/queue.o
                0x000000000000181c                vQueueAddToRegistry
 .text.vQueueWaitForMessageRestricted
                0x0000000000001864       0x66 Output/Debug/Obj/blinky_example/queue.o
                0x0000000000001864                vQueueWaitForMessageRestricted
 .text.xTaskCreate
                0x00000000000018ca       0x86 Output/Debug/Obj/blinky_example/tasks.o
                0x00000000000018ca                xTaskCreate
 .text.prvInitialiseNewTask
                0x0000000000001950      0x104 Output/Debug/Obj/blinky_example/tasks.o
 .text.prvAddNewTaskToReadyList
                0x0000000000001a54       0xd8 Output/Debug/Obj/blinky_example/tasks.o
 .text.vTaskDelay
                0x0000000000001b2c       0x64 Output/Debug/Obj/blinky_example/tasks.o
                0x0000000000001b2c                vTaskDelay
 .text.vTaskStartScheduler
                0x0000000000001b90       0x88 Output/Debug/Obj/blinky_example/tasks.o
                0x0000000000001b90                vTaskStartScheduler
 .text.vTaskSuspendAll
                0x0000000000001c18       0x14 Output/Debug/Obj/blinky_example/tasks.o
                0x0000000000001c18                vTaskSuspendAll
 .text.prvGetExpectedIdleTime
                0x0000000000001c2c       0x6c Output/Debug/Obj/blinky_example/tasks.o
 .text.xTaskResumeAll
                0x0000000000001c98      0x134 Output/Debug/Obj/blinky_example/tasks.o
                0x0000000000001c98                xTaskResumeAll
 .text.xTaskGetTickCount
                0x0000000000001dcc       0x14 Output/Debug/Obj/blinky_example/tasks.o
                0x0000000000001dcc                xTaskGetTickCount
 .text.vTaskStepTick
                0x0000000000001de0       0x40 Output/Debug/Obj/blinky_example/tasks.o
                0x0000000000001de0                vTaskStepTick
 .text.xTaskIncrementTick
                0x0000000000001e20      0x150 Output/Debug/Obj/blinky_example/tasks.o
                0x0000000000001e20                xTaskIncrementTick
 .text.vTaskSwitchContext
                0x0000000000001f70       0xb0 Output/Debug/Obj/blinky_example/tasks.o
                0x0000000000001f70                vTaskSwitchContext
 .text.vTaskPlaceOnEventList
                0x0000000000002020       0x40 Output/Debug/Obj/blinky_example/tasks.o
                0x0000000000002020                vTaskPlaceOnEventList
 .text.vTaskPlaceOnEventListRestricted
                0x0000000000002060       0x4c Output/Debug/Obj/blinky_example/tasks.o
                0x0000000000002060                vTaskPlaceOnEventListRestricted
 .text.xTaskRemoveFromEventList
                0x00000000000020ac       0xc0 Output/Debug/Obj/blinky_example/tasks.o
                0x00000000000020ac                xTaskRemoveFromEventList
 .text.vTaskInternalSetTimeOutState
                0x000000000000216c       0x24 Output/Debug/Obj/blinky_example/tasks.o
                0x000000000000216c                vTaskInternalSetTimeOutState
 .text.xTaskCheckForTimeOut
                0x0000000000002190       0xb0 Output/Debug/Obj/blinky_example/tasks.o
                0x0000000000002190                xTaskCheckForTimeOut
 .text.vTaskMissedYield
                0x0000000000002240       0x10 Output/Debug/Obj/blinky_example/tasks.o
                0x0000000000002240                vTaskMissedYield
 .text.prvIdleTask
                0x0000000000002250       0x7c Output/Debug/Obj/blinky_example/tasks.o
 .text.eTaskConfirmSleepModeStatus
                0x00000000000022cc       0x5c Output/Debug/Obj/blinky_example/tasks.o
                0x00000000000022cc                eTaskConfirmSleepModeStatus
 .text.prvInitialiseTaskLists
                0x0000000000002328       0x7c Output/Debug/Obj/blinky_example/tasks.o
 .text.prvCheckTasksWaitingTermination
                0x00000000000023a4       0x58 Output/Debug/Obj/blinky_example/tasks.o
 .text.prvDeleteTCB
                0x00000000000023fc       0x1e Output/Debug/Obj/blinky_example/tasks.o
 *fill*         0x000000000000241a        0x2 
 .text.prvResetNextTaskUnblockTime
                0x000000000000241c       0x40 Output/Debug/Obj/blinky_example/tasks.o
 .text.xTaskGetSchedulerState
                0x000000000000245c       0x34 Output/Debug/Obj/blinky_example/tasks.o
                0x000000000000245c                xTaskGetSchedulerState
 .text.xTaskPriorityDisinherit
                0x0000000000002490       0xf4 Output/Debug/Obj/blinky_example/tasks.o
                0x0000000000002490                xTaskPriorityDisinherit
 .text.prvAddCurrentTaskToDelayedList
                0x0000000000002584       0xc8 Output/Debug/Obj/blinky_example/tasks.o
 .text.xTimerCreateTimerTask
                0x000000000000264c       0x58 Output/Debug/Obj/blinky_example/timers.o
                0x000000000000264c                xTimerCreateTimerTask
 .text.xTimerCreate
                0x00000000000026a4       0x38 Output/Debug/Obj/blinky_example/timers.o
                0x00000000000026a4                xTimerCreate
 .text.prvInitialiseNewTimer
                0x00000000000026dc       0x5c Output/Debug/Obj/blinky_example/timers.o
 .text.xTimerGenericCommand
                0x0000000000002738       0x8c Output/Debug/Obj/blinky_example/timers.o
                0x0000000000002738                xTimerGenericCommand
 .text.prvProcessExpiredTimer
                0x00000000000027c4       0x78 Output/Debug/Obj/blinky_example/timers.o
 .text.prvTimerTask
                0x000000000000283c       0x20 Output/Debug/Obj/blinky_example/timers.o
 .text.prvProcessTimerOrBlockTask
                0x000000000000285c       0x9c Output/Debug/Obj/blinky_example/timers.o
 .text.prvGetNextExpireTime
                0x00000000000028f8       0x40 Output/Debug/Obj/blinky_example/timers.o
 .text.prvSampleTimeNow
                0x0000000000002938       0x3c Output/Debug/Obj/blinky_example/timers.o
 .text.prvInsertTimerInActiveList
                0x0000000000002974       0x84 Output/Debug/Obj/blinky_example/timers.o
 .text.prvProcessReceivedCommands
                0x00000000000029f8      0x13c Output/Debug/Obj/blinky_example/timers.o
 .text.prvSwitchTimerLists
                0x0000000000002b34       0xb8 Output/Debug/Obj/blinky_example/timers.o
 .text.prvCheckForValidListAndQueue
                0x0000000000002bec       0x6c Output/Debug/Obj/blinky_example/timers.o
 .text.nrf_wdt_started
                0x0000000000002c58       0x18 Output/Debug/Obj/blinky_example/nrf_drv_clock.o
 .text.nrf_drv_clock_init
                0x0000000000002c70       0x64 Output/Debug/Obj/blinky_example/nrf_drv_clock.o
                0x0000000000002c70                nrf_drv_clock_init
 .text.item_enqueue
                0x0000000000002cd4       0x38 Output/Debug/Obj/blinky_example/nrf_drv_clock.o
 .text.item_dequeue
                0x0000000000002d0c       0x20 Output/Debug/Obj/blinky_example/nrf_drv_clock.o
 .text.nrf_drv_clock_lfclk_request
                0x0000000000002d2c       0x9c Output/Debug/Obj/blinky_example/nrf_drv_clock.o
                0x0000000000002d2c                nrf_drv_clock_lfclk_request
 .text.clock_clk_started_notify
                0x0000000000002dc8       0x4c Output/Debug/Obj/blinky_example/nrf_drv_clock.o
 .text.clock_irq_handler
                0x0000000000002e14       0x40 Output/Debug/Obj/blinky_example/nrf_drv_clock.o
 .text.__NVIC_EnableIRQ
                0x0000000000002e54       0x34 Output/Debug/Obj/blinky_example/nrfx_clock.o
 .text.__NVIC_SetPriority
                0x0000000000002e88       0x50 Output/Debug/Obj/blinky_example/nrfx_clock.o
 .text.nrfx_get_irq_number
                0x0000000000002ed8       0x10 Output/Debug/Obj/blinky_example/nrfx_clock.o
 .text._NRFX_IRQ_PRIORITY_SET
                0x0000000000002ee8       0x40 Output/Debug/Obj/blinky_example/nrfx_clock.o
 .text._NRFX_IRQ_ENABLE
                0x0000000000002f28       0x1c Output/Debug/Obj/blinky_example/nrfx_clock.o
 .text._NRFX_IRQ_IS_ENABLED
                0x0000000000002f44       0x4c Output/Debug/Obj/blinky_example/nrfx_clock.o
 .text.nrf_clock_int_enable
                0x0000000000002f90       0x14 Output/Debug/Obj/blinky_example/nrfx_clock.o
 .text.nrf_clock_int_disable
                0x0000000000002fa4       0x14 Output/Debug/Obj/blinky_example/nrfx_clock.o
 .text.nrf_clock_task_trigger
                0x0000000000002fb8       0x1a Output/Debug/Obj/blinky_example/nrfx_clock.o
 .text.nrf_clock_event_clear
                0x0000000000002fd2       0x28 Output/Debug/Obj/blinky_example/nrfx_clock.o
 .text.nrf_clock_event_check
                0x0000000000002ffa       0x22 Output/Debug/Obj/blinky_example/nrfx_clock.o
 .text.nrf_clock_lf_src_set
                0x000000000000301c       0x14 Output/Debug/Obj/blinky_example/nrfx_clock.o
 .text.nrfx_power_clock_irq_init
                0x0000000000003030       0x56 Output/Debug/Obj/blinky_example/nrfx_clock.o
 *fill*         0x0000000000003086        0x2 
 .text.nrfx_clock_init
                0x0000000000003088       0x4c Output/Debug/Obj/blinky_example/nrfx_clock.o
                0x0000000000003088                nrfx_clock_init
 .text.nrfx_clock_enable
                0x00000000000030d4       0x28 Output/Debug/Obj/blinky_example/nrfx_clock.o
                0x00000000000030d4                nrfx_clock_enable
 .text.nrfx_clock_lfclk_start
                0x00000000000030fc       0x34 Output/Debug/Obj/blinky_example/nrfx_clock.o
                0x00000000000030fc                nrfx_clock_lfclk_start
 .text.POWER_CLOCK_IRQHandler
                0x0000000000003130       0x68 Output/Debug/Obj/blinky_example/nrfx_clock.o
                0x0000000000003130                POWER_CLOCK_IRQHandler
 .text.nrf_gpiote_event_is_set
                0x0000000000003198       0x2a Output/Debug/Obj/blinky_example/nrfx_gpiote.o
 .text.nrf_gpiote_event_clear
                0x00000000000031c2       0x36 Output/Debug/Obj/blinky_example/nrfx_gpiote.o
 .text.nrf_gpiote_event_addr_get
                0x00000000000031f8       0x1a Output/Debug/Obj/blinky_example/nrfx_gpiote.o
 *fill*         0x0000000000003212        0x2 
 .text.nrf_gpiote_int_is_enabled
                0x0000000000003214       0x18 Output/Debug/Obj/blinky_example/nrfx_gpiote.o
 .text.nrf_gpiote_event_pin_get
                0x000000000000322c       0x20 Output/Debug/Obj/blinky_example/nrfx_gpiote.o
 .text.nrf_gpiote_event_polarity_get
                0x000000000000324c       0x24 Output/Debug/Obj/blinky_example/nrfx_gpiote.o
 .text.nrf_gpio_pin_port_decode
                0x0000000000003270       0x4c Output/Debug/Obj/blinky_example/nrfx_gpiote.o
 .text.nrf_gpio_cfg_sense_set
                0x00000000000032bc       0x5c Output/Debug/Obj/blinky_example/nrfx_gpiote.o
 .text.nrf_gpio_pin_sense_get
                0x0000000000003318       0x2c Output/Debug/Obj/blinky_example/nrfx_gpiote.o
 .text.nrf_gpio_latches_read_and_clear
                0x0000000000003344       0x68 Output/Debug/Obj/blinky_example/nrfx_gpiote.o
 .text.nrf_gpio_pin_latch_clear
                0x00000000000033ac       0x28 Output/Debug/Obj/blinky_example/nrfx_gpiote.o
 .text.nrf_gpio_pin_present_check
                0x00000000000033d4       0x50 Output/Debug/Obj/blinky_example/nrfx_gpiote.o
 .text.nrf_bitmask_bit_is_set
                0x0000000000003424       0x30 Output/Debug/Obj/blinky_example/nrfx_gpiote.o
 .text.channel_port_get
                0x0000000000003454       0x1c Output/Debug/Obj/blinky_example/nrfx_gpiote.o
 .text.channel_handler_get
                0x0000000000003470       0x18 Output/Debug/Obj/blinky_example/nrfx_gpiote.o
 .text.port_handler_pin_get
                0x0000000000003488       0x28 Output/Debug/Obj/blinky_example/nrfx_gpiote.o
 .text.port_handler_polarity_get
                0x00000000000034b0       0x28 Output/Debug/Obj/blinky_example/nrfx_gpiote.o
 .text.latch_pending_read_and_check
                0x00000000000034d8       0x3e Output/Debug/Obj/blinky_example/nrfx_gpiote.o
 *fill*         0x0000000000003516        0x2 
 .text.port_event_handle
                0x0000000000003518       0xe4 Output/Debug/Obj/blinky_example/nrfx_gpiote.o
 .text.GPIOTE_IRQHandler
                0x00000000000035fc      0x108 Output/Debug/Obj/blinky_example/nrfx_gpiote.o
                0x00000000000035fc                GPIOTE_IRQHandler
 .text.app_error_handler
                0x0000000000003704       0x1c Output/Debug/Obj/blinky_example/app_error_handler_gcc.o
                0x0000000000003704                app_error_handler
 .text.app_error_fault_handler
                0x0000000000003720       0x54 Output/Debug/Obj/blinky_example/app_error_weak.o
                0x0000000000003720                app_error_fault_handler
 .text.app_util_disable_irq
                0x0000000000003774       0x18 Output/Debug/Obj/blinky_example/app_util_platform.o
                0x0000000000003774                app_util_disable_irq
 .text.app_util_enable_irq
                0x000000000000378c       0x20 Output/Debug/Obj/blinky_example/app_util_platform.o
                0x000000000000378c                app_util_enable_irq
 .text.app_util_critical_region_enter
                0x00000000000037ac       0x28 Output/Debug/Obj/blinky_example/app_util_platform.o
                0x00000000000037ac                app_util_critical_region_enter
 .text.app_util_critical_region_exit
                0x00000000000037d4       0x2c Output/Debug/Obj/blinky_example/app_util_platform.o
                0x00000000000037d4                app_util_critical_region_exit
 .text.privilege_level_get
                0x0000000000003800       0x3a Output/Debug/Obj/blinky_example/app_util_platform.o
                0x0000000000003800                privilege_level_get
 .text.assert_nrf_callback
                0x000000000000383a       0x2c Output/Debug/Obj/blinky_example/nrf_assert.o
                0x000000000000383a                assert_nrf_callback
 *fill*         0x0000000000003866        0x2 
 .text.app_error_save_and_stop
                0x0000000000003868       0x98 Output/Debug/Obj/blinky_example/app_error.o
                0x0000000000003868                app_error_save_and_stop
 .text.__NVIC_SystemReset
                0x0000000000003900       0x28 Output/Debug/Obj/blinky_example/system_nrf52840.o
 .text.nrf52_errata_36
                0x0000000000003928       0x64 Output/Debug/Obj/blinky_example/system_nrf52840.o
 .text.nrf52_errata_66
                0x000000000000398c       0x64 Output/Debug/Obj/blinky_example/system_nrf52840.o
 .text.nrf52_errata_98
                0x00000000000039f0       0x64 Output/Debug/Obj/blinky_example/system_nrf52840.o
 .text.nrf52_errata_103
                0x0000000000003a54       0x64 Output/Debug/Obj/blinky_example/system_nrf52840.o
 .text.nrf52_errata_115
                0x0000000000003ab8       0x64 Output/Debug/Obj/blinky_example/system_nrf52840.o
 .text.nrf52_errata_120
                0x0000000000003b1c       0x64 Output/Debug/Obj/blinky_example/system_nrf52840.o
 .text.nrf52_errata_136
                0x0000000000003b80       0x64 Output/Debug/Obj/blinky_example/system_nrf52840.o
 .text.nrf52_errata_249
                0x0000000000003be4       0x64 Output/Debug/Obj/blinky_example/system_nrf52840.o
 .text.nrf52_handle_approtect
                0x0000000000003c48       0x20 Output/Debug/Obj/blinky_example/system_nrf52840.o
 .text.nvmc_wait
                0x0000000000003c68       0x18 Output/Debug/Obj/blinky_example/system_nrf52840.o
                0x0000000000003c68                nvmc_wait
 .text.nvmc_config
                0x0000000000003c80       0x20 Output/Debug/Obj/blinky_example/system_nrf52840.o
                0x0000000000003c80                nvmc_config
 .text.SystemCoreClockUpdate
                0x0000000000003ca0       0x14 Output/Debug/Obj/blinky_example/system_nrf52840.o
                0x0000000000003ca0                SystemCoreClockUpdate
 .text.SystemInit
                0x0000000000003cb4      0x228 Output/Debug/Obj/blinky_example/system_nrf52840.o
                0x0000000000003cb4                SystemInit
 .text.led_toggle_task_function
                0x0000000000003edc       0x14 Output/Debug/Obj/blinky_example/main.o
 .text.led_toggle_timer_callback
                0x0000000000003ef0       0x14 Output/Debug/Obj/blinky_example/main.o
 .text.main     0x0000000000003f04       0x9c Output/Debug/Obj/blinky_example/main.o
                0x0000000000003f04                main
 .text.libc.memcpy
                0x0000000000003fa0       0x64 C:/Program Files/SEGGER/SEGGER Embedded Studio for ARM 7.10a/lib/libc_v7em_fpv4_sp_d16_hard_t_le_eabi_balanced.a(strasmops_arm.o)
                0x0000000000003fa0                __aeabi_memcpy
                0x0000000000003fa0                memcpy
                0x0000000000003fc2                __aeabi_memcpy8
                0x0000000000003fc2                __aeabi_memcpy4
 .text.libc.__aeabi_memclr
                0x0000000000004004       0x68 C:/Program Files/SEGGER/SEGGER Embedded Studio for ARM 7.10a/lib/libc_v7em_fpv4_sp_d16_hard_t_le_eabi_balanced.a(strasmops_arm.o)
                0x0000000000004004                __aeabi_memclr8
                0x0000000000004004                __aeabi_memclr
                0x0000000000004004                __aeabi_memclr4
                0x0000000000004006                __aeabi_memset4
                0x0000000000004006                __aeabi_memset8
                0x0000000000004006                __aeabi_memset
                0x000000000000400c                memset
 .text.libc.__SEGGER_RTL_init_heap
                0x000000000000406c       0x14 C:/Program Files/SEGGER/SEGGER Embedded Studio for ARM 7.10a/lib/heapops_basic_v7em_fpv4_sp_d16_hard_t_le_eabi_balanced.a(heapops_basic.o)
                0x000000000000406c                __SEGGER_RTL_init_heap
                0x0000000000004080                __text_end__ = (__text_start__ + SIZEOF (.text))
                0x0000000000003cb4                __text_size__ = SIZEOF (.text)
                0x0000000000004080                __text_load_end__ = __text_end__

.vfp11_veneer   0x0000000100000000        0x0
 .vfp11_veneer  0x0000000100000000        0x0 linker stubs

.v4_bx          0x0000000100000000        0x0
 .v4_bx         0x0000000100000000        0x0 linker stubs

.iplt           0x0000000100000000        0x0
 .iplt          0x0000000100000000        0x0 Output/Debug/Obj/blinky_example/boards.o
                0x0000000000000001                . = ASSERT (((__text_start__ == __text_end__) || ((__text_end__ - __FLASH1_segment_start__) <= __FLASH1_segment_size__)), error: .text is too large to fit in FLASH1 memory segment)
                0x0000000000004080                __log_const_data_load_start__ = ALIGN (__text_end__, 0x4)

.log_const_data
                0x0000000000004080        0x0
                0x0000000000004080                __log_const_data_start__ = .
                0x0000000000004080                __start_log_const_data = __log_const_data_start__
 *(SORT_BY_NAME(.log_const_data*))
                0x0000000000004080                __log_const_data_end__ = (__log_const_data_start__ + SIZEOF (.log_const_data))
                0x0000000000000000                __log_const_data_size__ = SIZEOF (.log_const_data)
                0x0000000000004080                __stop_log_const_data = __log_const_data_end__
                0x0000000000004080                __log_const_data_load_end__ = __log_const_data_end__
                0x0000000000000001                . = ASSERT (((__log_const_data_start__ == __log_const_data_end__) || ((__log_const_data_end__ - __FLASH1_segment_start__) <= __FLASH1_segment_size__)), error: .log_const_data is too large to fit in FLASH1 memory segment)
                0x0000000000004080                __log_backends_load_start__ = ALIGN (__log_const_data_end__, 0x4)

.log_backends   0x0000000000004080        0x0
                0x0000000000004080                __log_backends_start__ = .
                0x0000000000004080                __start_log_backends = __log_backends_start__
 *(SORT_BY_NAME(.log_backends*))
                0x0000000000004080                __log_backends_end__ = (__log_backends_start__ + SIZEOF (.log_backends))
                0x0000000000000000                __log_backends_size__ = SIZEOF (.log_backends)
                0x0000000000004080                __stop_log_backends = __log_backends_end__
                0x0000000000004080                __log_backends_load_end__ = __log_backends_end__
                0x0000000000000001                . = ASSERT (((__log_backends_start__ == __log_backends_end__) || ((__log_backends_end__ - __FLASH1_segment_start__) <= __FLASH1_segment_size__)), error: .log_backends is too large to fit in FLASH1 memory segment)
                0x0000000000004080                __nrf_balloc_load_start__ = ALIGN (__log_backends_end__, 0x4)

.nrf_balloc     0x0000000000004080        0x0
                0x0000000000004080                __nrf_balloc_start__ = .
                0x0000000000004080                __start_nrf_balloc = __nrf_balloc_start__
 *(.nrf_balloc*)
                0x0000000000004080                __nrf_balloc_end__ = (__nrf_balloc_start__ + SIZEOF (.nrf_balloc))
                0x0000000000000000                __nrf_balloc_size__ = SIZEOF (.nrf_balloc)
                0x0000000000004080                __stop_nrf_balloc = __nrf_balloc_end__
                0x0000000000004080                __nrf_balloc_load_end__ = __nrf_balloc_end__
                0x0000000000000001                . = ASSERT (((__nrf_balloc_start__ == __nrf_balloc_end__) || ((__nrf_balloc_end__ - __FLASH1_segment_start__) <= __FLASH1_segment_size__)), error: .nrf_balloc is too large to fit in FLASH1 memory segment)
                0x0000000000004080                __nrf_sections_load_start__ = ALIGN (__nrf_balloc_end__, 0x4)

.nrf_sections   0x0000000000004080        0x0
                0x0000000000004080                __nrf_sections_start__ = .
                0x0000000000004080                __start_nrf_sections = __nrf_sections_start__
 *(.nrf_sections .nrf_sections.*)
                0x0000000000004080                __nrf_sections_end__ = (__nrf_sections_start__ + SIZEOF (.nrf_sections))
                0x0000000000000000                __nrf_sections_size__ = SIZEOF (.nrf_sections)
                0x0000000000004080                __nrf_sections_load_end__ = __nrf_sections_end__
                0x0000000000000001                . = ASSERT (((__nrf_sections_start__ == __nrf_sections_end__) || ((__nrf_sections_end__ - __FLASH1_segment_start__) <= __FLASH1_segment_size__)), error: .nrf_sections is too large to fit in FLASH1 memory segment)
                0x0000000000004080                __log_dynamic_data_load_start__ = ALIGN (__nrf_sections_end__, 0x4)

.log_dynamic_data
                0x0000000020000000        0x0 load address 0x0000000000004080
                0x0000000020000000                __log_dynamic_data_start__ = .
 *(SORT_BY_NAME(.log_dynamic_data*))
                0x0000000020000000                __log_dynamic_data_end__ = (__log_dynamic_data_start__ + SIZEOF (.log_dynamic_data))
                0x0000000000000000                __log_dynamic_data_size__ = SIZEOF (.log_dynamic_data)
                0x0000000000004080                __log_dynamic_data_load_end__ = (__log_dynamic_data_load_start__ + SIZEOF (.log_dynamic_data))
                0x0000000000000001                . = ASSERT (((__log_dynamic_data_load_start__ == __log_dynamic_data_load_end__) || ((__log_dynamic_data_load_end__ - __FLASH1_segment_start__) <= __FLASH1_segment_size__)), error: .log_dynamic_data is too large to fit in FLASH1 memory segment)

.log_dynamic_data_run
                0x0000000020000000        0x0
                0x0000000020000000                __log_dynamic_data_run_start__ = .
                0x0000000020000000                __start_log_dynamic_data = __log_dynamic_data_run_start__
                0x0000000020000000                __log_dynamic_data_run_end__ = (__log_dynamic_data_run_start__ + SIZEOF (.log_dynamic_data))
                0x0000000000000000                __log_dynamic_data_run_size__ = (__log_dynamic_data_run_end__ - __log_dynamic_data_run_start__)
                0x0000000020000000                __stop_log_dynamic_data = __log_dynamic_data_run_end__
                0x0000000020000000                __log_dynamic_data_run_load_end__ = __log_dynamic_data_run_end__
                0x0000000000000001                . = ASSERT (((__log_dynamic_data_run_start__ == __log_dynamic_data_run_end__) || ((__log_dynamic_data_run_end__ - __RAM1_segment_start__) <= __RAM1_segment_size__)), error: .log_dynamic_data_run is too large to fit in RAM1 memory segment)
                0x0000000000004080                __log_filter_data_load_start__ = ALIGN ((__log_dynamic_data_load_start__ + SIZEOF (.log_dynamic_data)), 0x4)

.log_filter_data
                0x0000000020000000        0x0 load address 0x0000000000004080
                0x0000000020000000                __log_filter_data_start__ = .
 *(SORT_BY_NAME(.log_filter_data*))
                0x0000000020000000                __log_filter_data_end__ = (__log_filter_data_start__ + SIZEOF (.log_filter_data))
                0x0000000000000000                __log_filter_data_size__ = SIZEOF (.log_filter_data)
                0x0000000000004080                __log_filter_data_load_end__ = (__log_filter_data_load_start__ + SIZEOF (.log_filter_data))
                0x0000000000000001                . = ASSERT (((__log_filter_data_load_start__ == __log_filter_data_load_end__) || ((__log_filter_data_load_end__ - __FLASH1_segment_start__) <= __FLASH1_segment_size__)), error: .log_filter_data is too large to fit in FLASH1 memory segment)

.log_filter_data_run
                0x0000000020000000        0x0
                0x0000000020000000                __log_filter_data_run_start__ = .
                0x0000000020000000                __start_log_filter_data = __log_filter_data_run_start__
                0x0000000020000000                __log_filter_data_run_end__ = (__log_filter_data_run_start__ + SIZEOF (.log_filter_data))
                0x0000000000000000                __log_filter_data_run_size__ = (__log_filter_data_run_end__ - __log_filter_data_run_start__)
                0x0000000020000000                __stop_log_filter_data = __log_filter_data_run_end__
                0x0000000020000000                __log_filter_data_run_load_end__ = __log_filter_data_run_end__
                0x0000000000000001                . = ASSERT (((__log_filter_data_run_start__ == __log_filter_data_run_end__) || ((__log_filter_data_run_end__ - __RAM1_segment_start__) <= __RAM1_segment_size__)), error: .log_filter_data_run is too large to fit in RAM1 memory segment)
                0x0000000020000000                __nrf_sections_run_end_load_start__ = ALIGN (__log_filter_data_run_end__, 0x4)

.nrf_sections_run_end
                0x0000000020000000        0x0
                0x0000000020000000                __nrf_sections_run_end_start__ = .
                0x0000000020000000                __end_nrf_sections_run = __nrf_sections_run_end_start__
 *(.nrf_sections_run_end .nrf_sections_run_end.*)
                0x0000000020000000                __nrf_sections_run_end_end__ = (__nrf_sections_run_end_start__ + SIZEOF (.nrf_sections_run_end))
                0x0000000000000000                __nrf_sections_run_end_size__ = SIZEOF (.nrf_sections_run_end)
                0x0000000020000000                __nrf_sections_run_end_load_end__ = __nrf_sections_run_end_end__
                0x0000000000000001                . = ASSERT (((__nrf_sections_run_end_start__ == __nrf_sections_run_end_end__) || ((__nrf_sections_run_end_end__ - __RAM1_segment_start__) <= __RAM1_segment_size__)), error: .nrf_sections_run_end is too large to fit in RAM1 memory segment)
                0x0000000000004080                __dtors_load_start__ = ALIGN ((__log_filter_data_load_start__ + SIZEOF (.log_filter_data)), 0x4)

.dtors          0x0000000000004080        0x0
                0x0000000000004080                __dtors_start__ = .
 *(SORT_BY_NAME(.dtors.*))
 *(.dtors)
 *(.fini_array)
 *(SORT_BY_NAME(.fini_array.*))
                0x0000000000004080                __dtors_end__ = (__dtors_start__ + SIZEOF (.dtors))
                0x0000000000000000                __dtors_size__ = SIZEOF (.dtors)
                0x0000000000004080                __dtors_load_end__ = __dtors_end__
                0x0000000000000001                . = ASSERT (((__dtors_start__ == __dtors_end__) || ((__dtors_end__ - __FLASH1_segment_start__) <= __FLASH1_segment_size__)), error: .dtors is too large to fit in FLASH1 memory segment)
                0x0000000000004080                __ctors_load_start__ = ALIGN (__dtors_end__, 0x4)

.ctors          0x0000000000004080        0x0
                0x0000000000004080                __ctors_start__ = .
 *(SORT_BY_NAME(.ctors.*))
 *(.ctors)
 *(.init_array)
 *(SORT_BY_NAME(.init_array.*))
                0x0000000000004080                __ctors_end__ = (__ctors_start__ + SIZEOF (.ctors))
                0x0000000000000000                __ctors_size__ = SIZEOF (.ctors)
                0x0000000000004080                __ctors_load_end__ = __ctors_end__
                0x0000000000000001                . = ASSERT (((__ctors_start__ == __ctors_end__) || ((__ctors_end__ - __FLASH1_segment_start__) <= __FLASH1_segment_size__)), error: .ctors is too large to fit in FLASH1 memory segment)
                0x0000000000004080                __rodata_load_start__ = ALIGN (__ctors_end__, 0x4)

.rodata         0x0000000000004080      0x50d
                0x0000000000004080                __rodata_start__ = .
 *(.rodata .rodata.* .gnu.linkonce.r.*)
 .rodata        0x0000000000004080       0x85 Output/Debug/Obj/blinky_example/boards.o
 *fill*         0x0000000000004105        0x3 
 .rodata.m_board_led_list
                0x0000000000004108        0x4 Output/Debug/Obj/blinky_example/boards.o
 .rodata.m_board_btn_list
                0x000000000000410c        0x4 Output/Debug/Obj/blinky_example/boards.o
 .rodata        0x0000000000004110       0x65 Output/Debug/Obj/blinky_example/heap_1.o
 *fill*         0x0000000000004175        0x3 
 .rodata        0x0000000000004178       0x66 Output/Debug/Obj/blinky_example/port_cmsis.o
 *fill*         0x00000000000041de        0x2 
 .rodata        0x00000000000041e0       0x36 Output/Debug/Obj/blinky_example/port_cmsis_systick.o
 *fill*         0x0000000000004216        0x2 
 .rodata        0x0000000000004218       0x53 Output/Debug/Obj/blinky_example/queue.o
 *fill*         0x000000000000426b        0x1 
 .rodata        0x000000000000426c       0x59 Output/Debug/Obj/blinky_example/tasks.o
 *fill*         0x00000000000042c5        0x3 
 .rodata        0x00000000000042c8       0x61 Output/Debug/Obj/blinky_example/timers.o
 *fill*         0x0000000000004329        0x3 
 .rodata        0x000000000000432c       0x5a Output/Debug/Obj/blinky_example/nrf_drv_clock.o
 *fill*         0x0000000000004386        0x2 
 .rodata        0x0000000000004388       0x90 Output/Debug/Obj/blinky_example/nrfx_clock.o
 .rodata        0x0000000000004418       0xd1 Output/Debug/Obj/blinky_example/nrfx_gpiote.o
 *fill*         0x00000000000044e9        0x3 
 .rodata        0x00000000000044ec       0x60 Output/Debug/Obj/blinky_example/app_util_platform.o
 .rodata        0x000000000000454c       0x41 Output/Debug/Obj/blinky_example/main.o
                0x000000000000458d                __rodata_end__ = (__rodata_start__ + SIZEOF (.rodata))
                0x000000000000050d                __rodata_size__ = SIZEOF (.rodata)
                0x000000000000458d                __rodata_load_end__ = __rodata_end__

.rel.dyn        0x0000000000004590        0x0
 .rel.iplt      0x0000000000004590        0x0 Output/Debug/Obj/blinky_example/boards.o
                0x0000000000000001                . = ASSERT (((__rodata_start__ == __rodata_end__) || ((__rodata_end__ - __FLASH1_segment_start__) <= __FLASH1_segment_size__)), error: .rodata is too large to fit in FLASH1 memory segment)
                0x0000000000004590                __ARM.exidx_load_start__ = ALIGN (__rodata_end__, 0x4)

.ARM.exidx      0x0000000000004590        0x0
                0x0000000000004590                __ARM.exidx_start__ = .
                0x0000000000004590                __exidx_start = __ARM.exidx_start__
 *(.ARM.exidx .ARM.exidx.*)
                0x0000000000004590                __ARM.exidx_end__ = (__ARM.exidx_start__ + SIZEOF (.ARM.exidx))
                0x0000000000000000                __ARM.exidx_size__ = SIZEOF (.ARM.exidx)
                0x0000000000004590                __exidx_end = __ARM.exidx_end__
                0x0000000000004590                __ARM.exidx_load_end__ = __ARM.exidx_end__
                0x0000000000000001                . = ASSERT (((__ARM.exidx_start__ == __ARM.exidx_end__) || ((__ARM.exidx_end__ - __FLASH1_segment_start__) <= __FLASH1_segment_size__)), error: .ARM.exidx is too large to fit in FLASH1 memory segment)
                0x0000000000004590                __fast_load_start__ = ALIGN (__ARM.exidx_end__, 0x4)

.fast           0x0000000020000000        0x0 load address 0x0000000000004590
                0x0000000020000000                __fast_start__ = .
 *(.fast .fast.*)
                0x0000000020000000                __fast_end__ = (__fast_start__ + SIZEOF (.fast))
                0x0000000000000000                __fast_size__ = SIZEOF (.fast)
                0x0000000000004590                __fast_load_end__ = (__fast_load_start__ + SIZEOF (.fast))
                0x0000000000000001                . = ASSERT (((__fast_load_start__ == __fast_load_end__) || ((__fast_load_end__ - __FLASH1_segment_start__) <= __FLASH1_segment_size__)), error: .fast is too large to fit in FLASH1 memory segment)

.fast_run       0x0000000020000000        0x0
                0x0000000020000000                __fast_run_start__ = .
                0x0000000020000000                __fast_run_end__ = (__fast_run_start__ + SIZEOF (.fast))
                0x0000000000000000                __fast_run_size__ = (__fast_run_end__ - __fast_run_start__)
                0x0000000020000000                __fast_run_load_end__ = __fast_run_end__
                0x0000000000000001                . = ASSERT (((__fast_run_start__ == __fast_run_end__) || ((__fast_run_end__ - __RAM1_segment_start__) <= __RAM1_segment_size__)), error: .fast_run is too large to fit in RAM1 memory segment)
                0x0000000000004590                __data_load_start__ = ALIGN ((__fast_load_start__ + SIZEOF (.fast)), 0x4)

.data           0x0000000020000000        0x4 load address 0x0000000000004590
                0x0000000020000000                __data_start__ = .
 *(.data .data.* .gnu.linkonce.d.*)
 .data.SystemCoreClock
                0x0000000020000000        0x4 Output/Debug/Obj/blinky_example/system_nrf52840.o
                0x0000000020000000                SystemCoreClock
                0x0000000020000004                __data_end__ = (__data_start__ + SIZEOF (.data))
                0x0000000000000004                __data_size__ = SIZEOF (.data)
                0x0000000000004594                __data_load_end__ = (__data_load_start__ + SIZEOF (.data))

.igot.plt       0x0000000100000000        0x0
 .igot.plt      0x0000000100000000        0x0 Output/Debug/Obj/blinky_example/boards.o
                0x0000000000000001                . = ASSERT (((__data_load_start__ == __data_load_end__) || ((__data_load_end__ - __FLASH1_segment_start__) <= __FLASH1_segment_size__)), error: .data is too large to fit in FLASH1 memory segment)

.data_run       0x0000000020000000        0x0
                0x0000000020000000                __data_run_start__ = .
                0x0000000020000004                __data_run_end__ = (__data_run_start__ + SIZEOF (.data))
                0x0000000000000004                __data_run_size__ = (__data_run_end__ - __data_run_start__)
                0x0000000020000004                __data_run_load_end__ = __data_run_end__
                0x0000000000000001                . = ASSERT (((__data_run_start__ == __data_run_end__) || ((__data_run_end__ - __RAM1_segment_start__) <= __RAM1_segment_size__)), error: .data_run is too large to fit in RAM1 memory segment)
                0x0000000000004594                __tdata_load_start__ = ALIGN ((__data_load_start__ + SIZEOF (.data)), 0x4)

.tdata          0x0000000020000004        0x0 load address 0x0000000000004594
                0x0000000020000004                __tdata_start__ = .
 *(.tdata .tdata.*)
                0x0000000020000004                __tdata_end__ = (__tdata_start__ + SIZEOF (.tdata))
                0x0000000000000000                __tdata_size__ = SIZEOF (.tdata)
                0x0000000000004594                __tdata_load_end__ = (__tdata_load_start__ + SIZEOF (.tdata))
                0x0000000000004594                __FLASH1_segment_used_end__ = (ALIGN ((__data_load_start__ + SIZEOF (.data)), 0x4) + SIZEOF (.tdata))
                0x0000000000004594                __FLASH1_segment_used_size__ = (__FLASH1_segment_used_end__ - __FLASH1_segment_start__)
                0x0000000000000001                . = ASSERT (((__tdata_load_start__ == __tdata_load_end__) || ((__tdata_load_end__ - __FLASH1_segment_start__) <= __FLASH1_segment_size__)), error: .tdata is too large to fit in FLASH1 memory segment)

.tdata_run      0x0000000020000004        0x0
                0x0000000020000004                __tdata_run_start__ = .
                0x0000000020000004                __tdata_run_end__ = (__tdata_run_start__ + SIZEOF (.tdata))
                0x0000000000000000                __tdata_run_size__ = (__tdata_run_end__ - __tdata_run_start__)
                0x0000000020000004                __tdata_run_load_end__ = __tdata_run_end__
                0x0000000000000001                . = ASSERT (((__tdata_run_start__ == __tdata_run_end__) || ((__tdata_run_end__ - __RAM1_segment_start__) <= __RAM1_segment_size__)), error: .tdata_run is too large to fit in RAM1 memory segment)
                0x0000000020000004                __bss_load_start__ = ALIGN (__tdata_run_end__, 0x4)

.bss            0x0000000020000004     0x11f4
                0x0000000020000004                __bss_start__ = .
 *(.bss .bss.* .gnu.linkonce.b.*)
 .bss.ucHeap    0x0000000020000004     0x1000 Output/Debug/Obj/blinky_example/heap_1.o
 .bss.xNextFreeByte
                0x0000000020001004        0x4 Output/Debug/Obj/blinky_example/heap_1.o
 .bss.pucAlignedHeap.0
                0x0000000020001008        0x4 Output/Debug/Obj/blinky_example/heap_1.o
 .bss.uxCriticalNesting
                0x000000002000100c        0x4 Output/Debug/Obj/blinky_example/port_cmsis.o
 .bss.ucMaxSysCallPriority
                0x0000000020001010        0x1 Output/Debug/Obj/blinky_example/port_cmsis.o
 *fill*         0x0000000020001011        0x3 
 .bss.ulMaxPRIGROUPValue
                0x0000000020001014        0x4 Output/Debug/Obj/blinky_example/port_cmsis.o
 .bss.xQueueRegistry
                0x0000000020001018       0x10 Output/Debug/Obj/blinky_example/queue.o
                0x0000000020001018                xQueueRegistry
 .bss.pxCurrentTCB
                0x0000000020001028        0x4 Output/Debug/Obj/blinky_example/tasks.o
                0x0000000020001028                pxCurrentTCB
 .bss.pxReadyTasksLists
                0x000000002000102c       0x3c Output/Debug/Obj/blinky_example/tasks.o
 .bss.xDelayedTaskList1
                0x0000000020001068       0x14 Output/Debug/Obj/blinky_example/tasks.o
 .bss.xDelayedTaskList2
                0x000000002000107c       0x14 Output/Debug/Obj/blinky_example/tasks.o
 .bss.pxDelayedTaskList
                0x0000000020001090        0x4 Output/Debug/Obj/blinky_example/tasks.o
 .bss.pxOverflowDelayedTaskList
                0x0000000020001094        0x4 Output/Debug/Obj/blinky_example/tasks.o
 .bss.xPendingReadyList
                0x0000000020001098       0x14 Output/Debug/Obj/blinky_example/tasks.o
 .bss.xTasksWaitingTermination
                0x00000000200010ac       0x14 Output/Debug/Obj/blinky_example/tasks.o
 .bss.uxDeletedTasksWaitingCleanUp
                0x00000000200010c0        0x4 Output/Debug/Obj/blinky_example/tasks.o
 .bss.xSuspendedTaskList
                0x00000000200010c4       0x14 Output/Debug/Obj/blinky_example/tasks.o
 .bss.uxCurrentNumberOfTasks
                0x00000000200010d8        0x4 Output/Debug/Obj/blinky_example/tasks.o
 .bss.xTickCount
                0x00000000200010dc        0x4 Output/Debug/Obj/blinky_example/tasks.o
 .bss.uxTopReadyPriority
                0x00000000200010e0        0x4 Output/Debug/Obj/blinky_example/tasks.o
 .bss.xSchedulerRunning
                0x00000000200010e4        0x4 Output/Debug/Obj/blinky_example/tasks.o
 .bss.uxPendedTicks
                0x00000000200010e8        0x4 Output/Debug/Obj/blinky_example/tasks.o
 .bss.xYieldPending
                0x00000000200010ec        0x4 Output/Debug/Obj/blinky_example/tasks.o
 .bss.xNumOfOverflows
                0x00000000200010f0        0x4 Output/Debug/Obj/blinky_example/tasks.o
 .bss.uxTaskNumber
                0x00000000200010f4        0x4 Output/Debug/Obj/blinky_example/tasks.o
 .bss.xNextTaskUnblockTime
                0x00000000200010f8        0x4 Output/Debug/Obj/blinky_example/tasks.o
 .bss.xIdleTaskHandle
                0x00000000200010fc        0x4 Output/Debug/Obj/blinky_example/tasks.o
 .bss.uxSchedulerSuspended
                0x0000000020001100        0x4 Output/Debug/Obj/blinky_example/tasks.o
 .bss.xActiveTimerList1
                0x0000000020001104       0x14 Output/Debug/Obj/blinky_example/timers.o
 .bss.xActiveTimerList2
                0x0000000020001118       0x14 Output/Debug/Obj/blinky_example/timers.o
 .bss.pxCurrentTimerList
                0x000000002000112c        0x4 Output/Debug/Obj/blinky_example/timers.o
 .bss.pxOverflowTimerList
                0x0000000020001130        0x4 Output/Debug/Obj/blinky_example/timers.o
 .bss.xTimerQueue
                0x0000000020001134        0x4 Output/Debug/Obj/blinky_example/timers.o
 .bss.xTimerTaskHandle
                0x0000000020001138        0x4 Output/Debug/Obj/blinky_example/timers.o
 .bss.xLastTime.0
                0x000000002000113c        0x4 Output/Debug/Obj/blinky_example/timers.o
 .bss.m_clock_cb
                0x0000000020001140       0x14 Output/Debug/Obj/blinky_example/nrf_drv_clock.o
 .bss.m_clock_cb
                0x0000000020001154        0x8 Output/Debug/Obj/blinky_example/nrfx_clock.o
 .bss.m_cb      0x000000002000115c       0x6c Output/Debug/Obj/blinky_example/nrfx_gpiote.o
 .bss.m_in_critical_region
                0x00000000200011c8        0x4 Output/Debug/Obj/blinky_example/app_util_platform.o
 .bss.m_error_data.0
                0x00000000200011cc       0x20 Output/Debug/Obj/blinky_example/app_error.o
 .bss.led_toggle_task_handle
                0x00000000200011ec        0x4 Output/Debug/Obj/blinky_example/main.o
                0x00000000200011ec                led_toggle_task_handle
 .bss.led_toggle_timer_handle
                0x00000000200011f0        0x4 Output/Debug/Obj/blinky_example/main.o
                0x00000000200011f0                led_toggle_timer_handle
 .bss.libc.__SEGGER_RTL_heap_globals
                0x00000000200011f4        0x4 C:/Program Files/SEGGER/SEGGER Embedded Studio for ARM 7.10a/lib/heapops_basic_v7em_fpv4_sp_d16_hard_t_le_eabi_balanced.a(heapops_basic.o)
 *(COMMON)
                0x00000000200011f8                __bss_end__ = (__bss_start__ + SIZEOF (.bss))
                0x00000000000011f4                __bss_size__ = SIZEOF (.bss)
                0x00000000200011f8                __bss_load_end__ = __bss_end__
                0x0000000000000001                . = ASSERT (((__bss_start__ == __bss_end__) || ((__bss_end__ - __RAM1_segment_start__) <= __RAM1_segment_size__)), error: .bss is too large to fit in RAM1 memory segment)
                0x00000000200011f8                __tbss_load_start__ = ALIGN (__bss_end__, 0x4)

.tbss           0x00000000200011f8        0x0
                0x00000000200011f8                __tbss_start__ = .
 *(.tbss .tbss.*)
                0x00000000200011f8                __tbss_end__ = (__tbss_start__ + SIZEOF (.tbss))
                0x0000000000000000                __tbss_size__ = SIZEOF (.tbss)
                0x00000000200011f8                __tbss_load_end__ = __tbss_end__
                0x0000000000000001                . = ASSERT (((__tbss_start__ == __tbss_end__) || ((__tbss_end__ - __RAM1_segment_start__) <= __RAM1_segment_size__)), error: .tbss is too large to fit in RAM1 memory segment)
                0x00000000200011f8                __non_init_load_start__ = ALIGN (__tbss_end__, 0x4)

.non_init       0x00000000200011f8        0x0
                0x00000000200011f8                __non_init_start__ = .
 *(.non_init .non_init.*)
                0x00000000200011f8                __non_init_end__ = (__non_init_start__ + SIZEOF (.non_init))
                0x0000000000000000                __non_init_size__ = SIZEOF (.non_init)
                0x00000000200011f8                __non_init_load_end__ = __non_init_end__
                0x0000000000000001                . = ASSERT (((__non_init_start__ == __non_init_end__) || ((__non_init_end__ - __RAM1_segment_start__) <= __RAM1_segment_size__)), error: .non_init is too large to fit in RAM1 memory segment)
                0x00000000200011f8                __heap_load_start__ = ALIGN (__non_init_end__, 0x4)

.heap           0x00000000200011f8     0x2000
                0x00000000200011f8                __heap_start__ = .
 *(.heap .heap.*)
                0x00000000200031f8                . = ALIGN (MAX ((__heap_start__ + __HEAPSIZE__), .), 0x4)
 *fill*         0x00000000200011f8     0x2000 
                0x00000000200031f8                __heap_end__ = (__heap_start__ + SIZEOF (.heap))
                0x0000000000002000                __heap_size__ = SIZEOF (.heap)
                0x00000000200031f8                __heap_load_end__ = __heap_end__
                0x0000000000000001                . = ASSERT (((__heap_start__ == __heap_end__) || ((__heap_end__ - __RAM1_segment_start__) <= __RAM1_segment_size__)), error: .heap is too large to fit in RAM1 memory segment)
                0x0000000000000001                . = ASSERT ((__heap_size__ <= __HEAPSIZE__), error: .heap is larger than specified size)
                0x000000002003e000                __stack_load_start__ = (__RAM1_segment_start__ + (__RAM1_segment_size__ - 0x2000))

.stack          0x000000002003e000     0x2000
                0x000000002003e000                __stack_start__ = .
                0x000000002003e000                __StackLimit = __stack_start__
 *(.stack .stack.*)
                0x0000000020040000                . = ALIGN (MAX ((__stack_start__ + __STACKSIZE__), .), 0x8)
 *fill*         0x000000002003e000     0x2000 
                0x0000000020040000                __stack_end__ = (__stack_start__ + SIZEOF (.stack))
                0x0000000000002000                __stack_size__ = SIZEOF (.stack)
                0x0000000020040000                __StackTop = __stack_end__
                0x0000000020040000                __stack_load_end__ = __stack_end__
                0x0000000000000001                . = ASSERT (((__stack_start__ == __stack_end__) || ((__stack_end__ - __RAM1_segment_start__) <= __RAM1_segment_size__)), error: .stack is too large to fit in RAM1 memory segment)
                0x0000000000000001                . = ASSERT ((__heap_end__ <= __stack_start__), error: section .heap overlaps absolute placed section .stack)
                0x0000000000000001                . = ASSERT ((__stack_size__ <= __STACKSIZE__), error: .stack is larger than specified size)
                0x0000000020040000                __stack_process_load_start__ = ALIGN (__stack_end__, 0x8)

.stack_process  0x0000000020040000        0x0
                0x0000000020040000                __stack_process_start__ = .
 *(.stack_process .stack_process.*)
                0x0000000020040000                . = ALIGN (MAX ((__stack_process_start__ + __STACKSIZE_PROCESS__), .), 0x8)
                0x0000000020040000                __stack_process_end__ = (__stack_process_start__ + SIZEOF (.stack_process))
                0x0000000000000000                __stack_process_size__ = SIZEOF (.stack_process)
                0x0000000020040000                __stack_process_load_end__ = __stack_process_end__
                0x0000000020040000                __RAM1_segment_used_end__ = (ALIGN (__stack_end__, 0x8) + SIZEOF (.stack_process))
                0x0000000000040000                __RAM1_segment_used_size__ = (__RAM1_segment_used_end__ - __RAM1_segment_start__)
                0x0000000000000001                . = ASSERT (((__stack_process_start__ == __stack_process_end__) || ((__stack_process_end__ - __RAM1_segment_start__) <= __RAM1_segment_size__)), error: .stack_process is too large to fit in RAM1 memory segment)
                0x0000000000000001                . = ASSERT ((__stack_process_size__ <= __STACKSIZE_PROCESS__), error: .stack_process is larger than specified size)
START GROUP
LOAD Output/Debug/Obj/blinky_example/boards.o
LOAD Output/Debug/Obj/blinky_example/bsp.o
LOAD Output/Debug/Obj/blinky_example/thumb_crt0.o
LOAD Output/Debug/Obj/blinky_example/croutine.o
LOAD Output/Debug/Obj/blinky_example/event_groups.o
LOAD Output/Debug/Obj/blinky_example/heap_1.o
LOAD Output/Debug/Obj/blinky_example/list.o
LOAD Output/Debug/Obj/blinky_example/port.o
LOAD Output/Debug/Obj/blinky_example/port_cmsis.o
LOAD Output/Debug/Obj/blinky_example/port_cmsis_systick.o
LOAD Output/Debug/Obj/blinky_example/queue.o
LOAD Output/Debug/Obj/blinky_example/stream_buffer.o
LOAD Output/Debug/Obj/blinky_example/tasks.o
LOAD Output/Debug/Obj/blinky_example/timers.o
LOAD Output/Debug/Obj/blinky_example/nrf_drv_clock.o
LOAD Output/Debug/Obj/blinky_example/nrf_nvic.o
LOAD Output/Debug/Obj/blinky_example/nrf_soc.o
LOAD Output/Debug/Obj/blinky_example/nrfx_atomic.o
LOAD Output/Debug/Obj/blinky_example/nrfx_clock.o
LOAD Output/Debug/Obj/blinky_example/nrfx_gpiote.o
LOAD Output/Debug/Obj/blinky_example/app_button.o
LOAD Output/Debug/Obj/blinky_example/app_error_handler_gcc.o
LOAD Output/Debug/Obj/blinky_example/app_error_weak.o
LOAD Output/Debug/Obj/blinky_example/app_timer_freertos.o
LOAD Output/Debug/Obj/blinky_example/app_util_platform.o
LOAD Output/Debug/Obj/blinky_example/nrf_assert.o
LOAD Output/Debug/Obj/blinky_example/nrf_atomic.o
LOAD Output/Debug/Obj/blinky_example/nrf_balloc.o
LOAD Output/Debug/Obj/blinky_example/nrf_fprintf.o
LOAD Output/Debug/Obj/blinky_example/nrf_fprintf_format.o
LOAD Output/Debug/Obj/blinky_example/nrf_memobj.o
LOAD Output/Debug/Obj/blinky_example/nrf_ringbuf.o
LOAD Output/Debug/Obj/blinky_example/nrf_strerror.o
LOAD Output/Debug/Obj/blinky_example/app_error.o
LOAD Output/Debug/Obj/blinky_example/nrf_log_frontend.o
LOAD Output/Debug/Obj/blinky_example/nrf_log_str_formatter.o
LOAD Output/Debug/Obj/blinky_example/ses_startup_nrf52840.o
LOAD Output/Debug/Obj/blinky_example/ses_startup_nrf_common.o
LOAD Output/Debug/Obj/blinky_example/system_nrf52840.o
LOAD Output/Debug/Obj/blinky_example/main.o
LOAD C:/Program Files/SEGGER/SEGGER Embedded Studio for ARM 7.10a/lib/libc_v7em_fpv4_sp_d16_hard_t_le_eabi_balanced.a
LOAD C:/Program Files/SEGGER/SEGGER Embedded Studio for ARM 7.10a/lib/heapops_basic_v7em_fpv4_sp_d16_hard_t_le_eabi_balanced.a
LOAD C:/Program Files/SEGGER/SEGGER Embedded Studio for ARM 7.10a/lib/heapops_disable_interrupts_locking_v7em_fpv4_sp_d16_hard_t_le_eabi_balanced.a
END GROUP
OUTPUT(C:/Users/ettran/Documents/blinky_example/Output/Debug/Exe/blinky_example.elf elf32-littlearm)
LOAD linker stubs

.debug_frame    0x0000000000000000     0x4ed8
 .debug_frame   0x0000000000000000      0x460 Output/Debug/Obj/blinky_example/boards.o
 .debug_frame   0x0000000000000460       0x80 Output/Debug/Obj/blinky_example/heap_1.o
 .debug_frame   0x00000000000004e0       0xb0 Output/Debug/Obj/blinky_example/list.o
 .debug_frame   0x0000000000000590       0x40 Output/Debug/Obj/blinky_example/port.o
 .debug_frame   0x00000000000005d0      0x14c Output/Debug/Obj/blinky_example/port_cmsis.o
 .debug_frame   0x000000000000071c      0x204 Output/Debug/Obj/blinky_example/port_cmsis_systick.o
 .debug_frame   0x0000000000000920      0x518 Output/Debug/Obj/blinky_example/queue.o
 .debug_frame   0x0000000000000e38      0x884 Output/Debug/Obj/blinky_example/tasks.o
 .debug_frame   0x00000000000016bc      0x358 Output/Debug/Obj/blinky_example/timers.o
 .debug_frame   0x0000000000001a14      0x2e0 Output/Debug/Obj/blinky_example/nrf_drv_clock.o
 .debug_frame   0x0000000000001cf4      0x3a8 Output/Debug/Obj/blinky_example/nrfx_clock.o
 .debug_frame   0x000000000000209c      0xcf0 Output/Debug/Obj/blinky_example/nrfx_gpiote.o
 .debug_frame   0x0000000000002d8c       0x20 Output/Debug/Obj/blinky_example/app_error_handler_gcc.o
 .debug_frame   0x0000000000002dac       0x38 Output/Debug/Obj/blinky_example/app_error_weak.o
 .debug_frame   0x0000000000002de4       0xe8 Output/Debug/Obj/blinky_example/app_util_platform.o
 .debug_frame   0x0000000000002ecc       0x38 Output/Debug/Obj/blinky_example/nrf_assert.o
 .debug_frame   0x0000000000002f04       0x58 Output/Debug/Obj/blinky_example/app_error.o
 .debug_frame   0x0000000000002f5c     0x1f00 Output/Debug/Obj/blinky_example/system_nrf52840.o
 .debug_frame   0x0000000000004e5c       0x7c Output/Debug/Obj/blinky_example/main.o

.debug_info     0x0000000000000000     0xfc45
 .debug_info    0x0000000000000000      0x925 Output/Debug/Obj/blinky_example/boards.o
 .debug_info    0x0000000000000925       0x22 Output/Debug/Obj/blinky_example/thumb_crt0.o
 .debug_info    0x0000000000000947      0x1b5 Output/Debug/Obj/blinky_example/heap_1.o
 .debug_info    0x0000000000000afc      0x2b1 Output/Debug/Obj/blinky_example/list.o
 .debug_info    0x0000000000000dad       0xa6 Output/Debug/Obj/blinky_example/port.o
 .debug_info    0x0000000000000e53      0x9c0 Output/Debug/Obj/blinky_example/port_cmsis.o
 .debug_info    0x0000000000001813      0xd40 Output/Debug/Obj/blinky_example/port_cmsis_systick.o
 .debug_info    0x0000000000002553     0x15b0 Output/Debug/Obj/blinky_example/queue.o
 .debug_info    0x0000000000003b03     0x1cea Output/Debug/Obj/blinky_example/tasks.o
 .debug_info    0x00000000000057ed      0xf69 Output/Debug/Obj/blinky_example/timers.o
 .debug_info    0x0000000000006756      0xb50 Output/Debug/Obj/blinky_example/nrf_drv_clock.o
 .debug_info    0x00000000000072a6      0xea5 Output/Debug/Obj/blinky_example/nrfx_clock.o
 .debug_info    0x000000000000814b     0x21af Output/Debug/Obj/blinky_example/nrfx_gpiote.o
 .debug_info    0x000000000000a2fa       0xf8 Output/Debug/Obj/blinky_example/app_error_handler_gcc.o
 .debug_info    0x000000000000a3f2      0x24c Output/Debug/Obj/blinky_example/app_error_weak.o
 .debug_info    0x000000000000a63e      0x768 Output/Debug/Obj/blinky_example/app_util_platform.o
 .debug_info    0x000000000000ada6      0x12b Output/Debug/Obj/blinky_example/nrf_assert.o
 .debug_info    0x000000000000aed1      0x280 Output/Debug/Obj/blinky_example/app_error.o
 .debug_info    0x000000000000b151       0x23 Output/Debug/Obj/blinky_example/ses_startup_nrf52840.o
 .debug_info    0x000000000000b174       0x23 Output/Debug/Obj/blinky_example/ses_startup_nrf_common.o
 .debug_info    0x000000000000b197     0x45de Output/Debug/Obj/blinky_example/system_nrf52840.o
 .debug_info    0x000000000000f775      0x4d0 Output/Debug/Obj/blinky_example/main.o

.debug_abbrev   0x0000000000000000     0x2b0d
 .debug_abbrev  0x0000000000000000      0x269 Output/Debug/Obj/blinky_example/boards.o
 .debug_abbrev  0x0000000000000269       0x12 Output/Debug/Obj/blinky_example/thumb_crt0.o
 .debug_abbrev  0x000000000000027b      0x14d Output/Debug/Obj/blinky_example/heap_1.o
 .debug_abbrev  0x00000000000003c8       0xf5 Output/Debug/Obj/blinky_example/list.o
 .debug_abbrev  0x00000000000004bd       0x4a Output/Debug/Obj/blinky_example/port.o
 .debug_abbrev  0x0000000000000507      0x32f Output/Debug/Obj/blinky_example/port_cmsis.o
 .debug_abbrev  0x0000000000000836      0x34c Output/Debug/Obj/blinky_example/port_cmsis_systick.o
 .debug_abbrev  0x0000000000000b82      0x3c8 Output/Debug/Obj/blinky_example/queue.o
 .debug_abbrev  0x0000000000000f4a      0x41e Output/Debug/Obj/blinky_example/tasks.o
 .debug_abbrev  0x0000000000001368      0x2e4 Output/Debug/Obj/blinky_example/timers.o
 .debug_abbrev  0x000000000000164c      0x354 Output/Debug/Obj/blinky_example/nrf_drv_clock.o
 .debug_abbrev  0x00000000000019a0      0x31c Output/Debug/Obj/blinky_example/nrfx_clock.o
 .debug_abbrev  0x0000000000001cbc      0x39a Output/Debug/Obj/blinky_example/nrfx_gpiote.o
 .debug_abbrev  0x0000000000002056       0x96 Output/Debug/Obj/blinky_example/app_error_handler_gcc.o
 .debug_abbrev  0x00000000000020ec      0x159 Output/Debug/Obj/blinky_example/app_error_weak.o
 .debug_abbrev  0x0000000000002245      0x275 Output/Debug/Obj/blinky_example/app_util_platform.o
 .debug_abbrev  0x00000000000024ba       0xc7 Output/Debug/Obj/blinky_example/nrf_assert.o
 .debug_abbrev  0x0000000000002581      0x130 Output/Debug/Obj/blinky_example/app_error.o
 .debug_abbrev  0x00000000000026b1       0x14 Output/Debug/Obj/blinky_example/ses_startup_nrf52840.o
 .debug_abbrev  0x00000000000026c5       0x14 Output/Debug/Obj/blinky_example/ses_startup_nrf_common.o
 .debug_abbrev  0x00000000000026d9      0x252 Output/Debug/Obj/blinky_example/system_nrf52840.o
 .debug_abbrev  0x000000000000292b      0x1e2 Output/Debug/Obj/blinky_example/main.o

.debug_pubnames
                0x0000000000000000     0x6cf3
 .debug_pubnames
                0x0000000000000000      0x4f4 Output/Debug/Obj/blinky_example/boards.o
 .debug_pubnames
                0x00000000000004f4       0xcb Output/Debug/Obj/blinky_example/heap_1.o
 .debug_pubnames
                0x00000000000005bf       0x72 Output/Debug/Obj/blinky_example/list.o
 .debug_pubnames
                0x0000000000000631       0x4d Output/Debug/Obj/blinky_example/port.o
 .debug_pubnames
                0x000000000000067e      0x564 Output/Debug/Obj/blinky_example/port_cmsis.o
 .debug_pubnames
                0x0000000000000be2      0x81f Output/Debug/Obj/blinky_example/port_cmsis_systick.o
 .debug_pubnames
                0x0000000000001401      0x5d8 Output/Debug/Obj/blinky_example/queue.o
 .debug_pubnames
                0x00000000000019d9      0xb2d Output/Debug/Obj/blinky_example/tasks.o
 .debug_pubnames
                0x0000000000002506      0x4e2 Output/Debug/Obj/blinky_example/timers.o
 .debug_pubnames
                0x00000000000029e8      0x5c0 Output/Debug/Obj/blinky_example/nrf_drv_clock.o
 .debug_pubnames
                0x0000000000002fa8      0x6fc Output/Debug/Obj/blinky_example/nrfx_clock.o
 .debug_pubnames
                0x00000000000036a4     0x1198 Output/Debug/Obj/blinky_example/nrfx_gpiote.o
 .debug_pubnames
                0x000000000000483c       0x44 Output/Debug/Obj/blinky_example/app_error_handler_gcc.o
 .debug_pubnames
                0x0000000000004880      0x101 Output/Debug/Obj/blinky_example/app_error_weak.o
 .debug_pubnames
                0x0000000000004981      0x23b Output/Debug/Obj/blinky_example/app_util_platform.o
 .debug_pubnames
                0x0000000000004bbc       0x46 Output/Debug/Obj/blinky_example/nrf_assert.o
 .debug_pubnames
                0x0000000000004c02       0x88 Output/Debug/Obj/blinky_example/app_error.o
 .debug_pubnames
                0x0000000000004c8a     0x1ed5 Output/Debug/Obj/blinky_example/system_nrf52840.o
 .debug_pubnames
                0x0000000000006b5f      0x194 Output/Debug/Obj/blinky_example/main.o

.debug_pubtypes
                0x0000000000000000     0x1e35
 .debug_pubtypes
                0x0000000000000000      0x171 Output/Debug/Obj/blinky_example/boards.o
 .debug_pubtypes
                0x0000000000000171       0xf5 Output/Debug/Obj/blinky_example/heap_1.o
 .debug_pubtypes
                0x0000000000000266      0x13b Output/Debug/Obj/blinky_example/list.o
 .debug_pubtypes
                0x00000000000003a1       0xb5 Output/Debug/Obj/blinky_example/port.o
 .debug_pubtypes
                0x0000000000000456      0x17b Output/Debug/Obj/blinky_example/port_cmsis.o
 .debug_pubtypes
                0x00000000000005d1      0x1fc Output/Debug/Obj/blinky_example/port_cmsis_systick.o
 .debug_pubtypes
                0x00000000000007cd      0x237 Output/Debug/Obj/blinky_example/queue.o
 .debug_pubtypes
                0x0000000000000a04      0x254 Output/Debug/Obj/blinky_example/tasks.o
 .debug_pubtypes
                0x0000000000000c58      0x2af Output/Debug/Obj/blinky_example/timers.o
 .debug_pubtypes
                0x0000000000000f07      0x20e Output/Debug/Obj/blinky_example/nrf_drv_clock.o
 .debug_pubtypes
                0x0000000000001115      0x1ef Output/Debug/Obj/blinky_example/nrfx_clock.o
 .debug_pubtypes
                0x0000000000001304      0x2ed Output/Debug/Obj/blinky_example/nrfx_gpiote.o
 .debug_pubtypes
                0x00000000000015f1       0xdd Output/Debug/Obj/blinky_example/app_error_handler_gcc.o
 .debug_pubtypes
                0x00000000000016ce      0x10e Output/Debug/Obj/blinky_example/app_error_weak.o
 .debug_pubtypes
                0x00000000000017dc      0x110 Output/Debug/Obj/blinky_example/app_util_platform.o
 .debug_pubtypes
                0x00000000000018ec       0xed Output/Debug/Obj/blinky_example/nrf_assert.o
 .debug_pubtypes
                0x00000000000019d9      0x10a Output/Debug/Obj/blinky_example/app_error.o
 .debug_pubtypes
                0x0000000000001ae3      0x1db Output/Debug/Obj/blinky_example/system_nrf52840.o
 .debug_pubtypes
                0x0000000000001cbe      0x177 Output/Debug/Obj/blinky_example/main.o

.debug_aranges  0x0000000000000000     0x1910
 .debug_aranges
                0x0000000000000000      0x100 Output/Debug/Obj/blinky_example/boards.o
 .debug_aranges
                0x0000000000000100       0x50 Output/Debug/Obj/blinky_example/thumb_crt0.o
 .debug_aranges
                0x0000000000000150       0x38 Output/Debug/Obj/blinky_example/heap_1.o
 .debug_aranges
                0x0000000000000188       0x40 Output/Debug/Obj/blinky_example/list.o
 .debug_aranges
                0x00000000000001c8       0x30 Output/Debug/Obj/blinky_example/port.o
 .debug_aranges
                0x00000000000001f8       0x68 Output/Debug/Obj/blinky_example/port_cmsis.o
 .debug_aranges
                0x0000000000000260       0x90 Output/Debug/Obj/blinky_example/port_cmsis_systick.o
 .debug_aranges
                0x00000000000002f0      0x120 Output/Debug/Obj/blinky_example/queue.o
 .debug_aranges
                0x0000000000000410      0x1f0 Output/Debug/Obj/blinky_example/tasks.o
 .debug_aranges
                0x0000000000000600       0xc8 Output/Debug/Obj/blinky_example/timers.o
 .debug_aranges
                0x00000000000006c8       0xd8 Output/Debug/Obj/blinky_example/nrf_drv_clock.o
 .debug_aranges
                0x00000000000007a0      0x108 Output/Debug/Obj/blinky_example/nrfx_clock.o
 .debug_aranges
                0x00000000000008a8      0x2f0 Output/Debug/Obj/blinky_example/nrfx_gpiote.o
 .debug_aranges
                0x0000000000000b98       0x20 Output/Debug/Obj/blinky_example/app_error_handler_gcc.o
 .debug_aranges
                0x0000000000000bb8       0x20 Output/Debug/Obj/blinky_example/app_error_weak.o
 .debug_aranges
                0x0000000000000bd8       0x50 Output/Debug/Obj/blinky_example/app_util_platform.o
 .debug_aranges
                0x0000000000000c28       0x20 Output/Debug/Obj/blinky_example/nrf_assert.o
 .debug_aranges
                0x0000000000000c48       0x28 Output/Debug/Obj/blinky_example/app_error.o
 .debug_aranges
                0x0000000000000c70       0x20 Output/Debug/Obj/blinky_example/ses_startup_nrf52840.o
 .debug_aranges
                0x0000000000000c90       0x20 Output/Debug/Obj/blinky_example/ses_startup_nrf_common.o
 .debug_aranges
                0x0000000000000cb0      0xc30 Output/Debug/Obj/blinky_example/system_nrf52840.o
 .debug_aranges
                0x00000000000018e0       0x30 Output/Debug/Obj/blinky_example/main.o

.debug_ranges   0x0000000000000000     0x17b0
 .debug_ranges  0x0000000000000000       0xf0 Output/Debug/Obj/blinky_example/boards.o
 .debug_ranges  0x00000000000000f0       0x48 Output/Debug/Obj/blinky_example/thumb_crt0.o
 .debug_ranges  0x0000000000000138       0x28 Output/Debug/Obj/blinky_example/heap_1.o
 .debug_ranges  0x0000000000000160       0x30 Output/Debug/Obj/blinky_example/list.o
 .debug_ranges  0x0000000000000190       0x20 Output/Debug/Obj/blinky_example/port.o
 .debug_ranges  0x00000000000001b0       0x58 Output/Debug/Obj/blinky_example/port_cmsis.o
 .debug_ranges  0x0000000000000208       0x80 Output/Debug/Obj/blinky_example/port_cmsis_systick.o
 .debug_ranges  0x0000000000000288      0x110 Output/Debug/Obj/blinky_example/queue.o
 .debug_ranges  0x0000000000000398      0x1e0 Output/Debug/Obj/blinky_example/tasks.o
 .debug_ranges  0x0000000000000578       0xb8 Output/Debug/Obj/blinky_example/timers.o
 .debug_ranges  0x0000000000000630       0xe0 Output/Debug/Obj/blinky_example/nrf_drv_clock.o
 .debug_ranges  0x0000000000000710       0xf8 Output/Debug/Obj/blinky_example/nrfx_clock.o
 .debug_ranges  0x0000000000000808      0x2e0 Output/Debug/Obj/blinky_example/nrfx_gpiote.o
 .debug_ranges  0x0000000000000ae8       0x10 Output/Debug/Obj/blinky_example/app_error_handler_gcc.o
 .debug_ranges  0x0000000000000af8       0x10 Output/Debug/Obj/blinky_example/app_error_weak.o
 .debug_ranges  0x0000000000000b08       0x40 Output/Debug/Obj/blinky_example/app_util_platform.o
 .debug_ranges  0x0000000000000b48       0x10 Output/Debug/Obj/blinky_example/nrf_assert.o
 .debug_ranges  0x0000000000000b58       0x18 Output/Debug/Obj/blinky_example/app_error.o
 .debug_ranges  0x0000000000000b70      0xc20 Output/Debug/Obj/blinky_example/system_nrf52840.o
 .debug_ranges  0x0000000000001790       0x20 Output/Debug/Obj/blinky_example/main.o

.debug_macro    0x0000000000000000    0x1a69c
 .debug_macro   0x0000000000000000      0x24c Output/Debug/Obj/blinky_example/boards.o
 .debug_macro   0x000000000000024c      0xb4a Output/Debug/Obj/blinky_example/boards.o
 .debug_macro   0x0000000000000d96      0x78e Output/Debug/Obj/blinky_example/boards.o
 .debug_macro   0x0000000000001524       0x10 Output/Debug/Obj/blinky_example/boards.o
 .debug_macro   0x0000000000001534      0x26b Output/Debug/Obj/blinky_example/boards.o
 .debug_macro   0x000000000000179f      0x295 Output/Debug/Obj/blinky_example/boards.o
 .debug_macro   0x0000000000001a34       0x1c Output/Debug/Obj/blinky_example/boards.o
 .debug_macro   0x0000000000001a50      0x17b Output/Debug/Obj/blinky_example/boards.o
 .debug_macro   0x0000000000001bcb       0x22 Output/Debug/Obj/blinky_example/boards.o
 .debug_macro   0x0000000000001bed       0x22 Output/Debug/Obj/blinky_example/boards.o
 .debug_macro   0x0000000000001c0f       0x22 Output/Debug/Obj/blinky_example/boards.o
 .debug_macro   0x0000000000001c31       0x3b Output/Debug/Obj/blinky_example/boards.o
 .debug_macro   0x0000000000001c6c       0x1c Output/Debug/Obj/blinky_example/boards.o
 .debug_macro   0x0000000000001c88       0x22 Output/Debug/Obj/blinky_example/boards.o
 .debug_macro   0x0000000000001caa       0xfb Output/Debug/Obj/blinky_example/boards.o
 .debug_macro   0x0000000000001da5     0x1011 Output/Debug/Obj/blinky_example/boards.o
 .debug_macro   0x0000000000002db6      0x11f Output/Debug/Obj/blinky_example/boards.o
 .debug_macro   0x0000000000002ed5      0x410 Output/Debug/Obj/blinky_example/boards.o
 .debug_macro   0x00000000000032e5    0x10d6b Output/Debug/Obj/blinky_example/boards.o
 .debug_macro   0x0000000000014050      0xa65 Output/Debug/Obj/blinky_example/boards.o
 .debug_macro   0x0000000000014ab5       0x96 Output/Debug/Obj/blinky_example/boards.o
 .debug_macro   0x0000000000014b4b       0x40 Output/Debug/Obj/blinky_example/boards.o
 .debug_macro   0x0000000000014b8b      0x462 Output/Debug/Obj/blinky_example/boards.o
 .debug_macro   0x0000000000014fed       0x59 Output/Debug/Obj/blinky_example/boards.o
 .debug_macro   0x0000000000015046       0xd5 Output/Debug/Obj/blinky_example/boards.o
 .debug_macro   0x000000000001511b      0x154 Output/Debug/Obj/blinky_example/boards.o
 .debug_macro   0x000000000001526f       0x16 Output/Debug/Obj/blinky_example/boards.o
 .debug_macro   0x0000000000015285      0x16d Output/Debug/Obj/blinky_example/boards.o
 .debug_macro   0x00000000000153f2      0x7ca Output/Debug/Obj/blinky_example/boards.o
 .debug_macro   0x0000000000015bbc       0x3f Output/Debug/Obj/blinky_example/boards.o
 .debug_macro   0x0000000000015bfb       0x58 Output/Debug/Obj/blinky_example/boards.o
 .debug_macro   0x0000000000015c53       0x8e Output/Debug/Obj/blinky_example/boards.o
 .debug_macro   0x0000000000015ce1       0xad Output/Debug/Obj/blinky_example/boards.o
 .debug_macro   0x0000000000015d8e       0x49 Output/Debug/Obj/blinky_example/boards.o
 .debug_macro   0x0000000000015dd7       0x8c Output/Debug/Obj/blinky_example/boards.o
 .debug_macro   0x0000000000015e63       0x19 Output/Debug/Obj/blinky_example/boards.o
 .debug_macro   0x0000000000015e7c       0x1d Output/Debug/Obj/blinky_example/boards.o
 .debug_macro   0x0000000000015e99       0x35 Output/Debug/Obj/blinky_example/boards.o
 .debug_macro   0x0000000000015ece       0x7b Output/Debug/Obj/blinky_example/boards.o
 .debug_macro   0x0000000000015f49       0x64 Output/Debug/Obj/blinky_example/boards.o
 .debug_macro   0x0000000000015fad       0x20 Output/Debug/Obj/blinky_example/boards.o
 .debug_macro   0x0000000000015fcd       0x1c Output/Debug/Obj/blinky_example/boards.o
 .debug_macro   0x0000000000015fe9      0x208 Output/Debug/Obj/blinky_example/boards.o
 .debug_macro   0x00000000000161f1      0x16d Output/Debug/Obj/blinky_example/boards.o
 .debug_macro   0x000000000001635e      0x1f7 Output/Debug/Obj/blinky_example/heap_1.o
 .debug_macro   0x0000000000016555      0x1d6 Output/Debug/Obj/blinky_example/list.o
 .debug_macro   0x000000000001672b      0x1dc Output/Debug/Obj/blinky_example/port.o
 .debug_macro   0x0000000000016907      0x206 Output/Debug/Obj/blinky_example/port_cmsis.o
 .debug_macro   0x0000000000016b0d      0x2cd Output/Debug/Obj/blinky_example/port_cmsis_systick.o
 .debug_macro   0x0000000000016dda       0x45 Output/Debug/Obj/blinky_example/port_cmsis_systick.o
 .debug_macro   0x0000000000016e1f       0x28 Output/Debug/Obj/blinky_example/port_cmsis_systick.o
 .debug_macro   0x0000000000016e47       0x16 Output/Debug/Obj/blinky_example/port_cmsis_systick.o
 .debug_macro   0x0000000000016e5d       0x10 Output/Debug/Obj/blinky_example/port_cmsis_systick.o
 .debug_macro   0x0000000000016e6d      0x23b Output/Debug/Obj/blinky_example/queue.o
 .debug_macro   0x00000000000170a8       0x86 Output/Debug/Obj/blinky_example/queue.o
 .debug_macro   0x000000000001712e      0x2a3 Output/Debug/Obj/blinky_example/tasks.o
 .debug_macro   0x00000000000173d1       0x10 Output/Debug/Obj/blinky_example/tasks.o
 .debug_macro   0x00000000000173e1      0x219 Output/Debug/Obj/blinky_example/timers.o
 .debug_macro   0x00000000000175fa      0x309 Output/Debug/Obj/blinky_example/nrf_drv_clock.o
 .debug_macro   0x0000000000017903       0x16 Output/Debug/Obj/blinky_example/nrf_drv_clock.o
 .debug_macro   0x0000000000017919       0x22 Output/Debug/Obj/blinky_example/nrf_drv_clock.o
 .debug_macro   0x000000000001793b       0x5b Output/Debug/Obj/blinky_example/nrf_drv_clock.o
 .debug_macro   0x0000000000017996       0x37 Output/Debug/Obj/blinky_example/nrf_drv_clock.o
 .debug_macro   0x00000000000179cd       0x10 Output/Debug/Obj/blinky_example/nrf_drv_clock.o
 .debug_macro   0x00000000000179dd       0x55 Output/Debug/Obj/blinky_example/nrf_drv_clock.o
 .debug_macro   0x0000000000017a32      0x179 Output/Debug/Obj/blinky_example/nrf_drv_clock.o
 .debug_macro   0x0000000000017bab       0x9a Output/Debug/Obj/blinky_example/nrf_drv_clock.o
 .debug_macro   0x0000000000017c45      0x2de Output/Debug/Obj/blinky_example/nrfx_clock.o
 .debug_macro   0x0000000000017f23       0x1c Output/Debug/Obj/blinky_example/nrfx_clock.o
 .debug_macro   0x0000000000017f3f       0x42 Output/Debug/Obj/blinky_example/nrfx_clock.o
 .debug_macro   0x0000000000017f81      0x31c Output/Debug/Obj/blinky_example/nrfx_gpiote.o
 .debug_macro   0x000000000001829d       0x17 Output/Debug/Obj/blinky_example/nrfx_gpiote.o
 .debug_macro   0x00000000000182b4       0x22 Output/Debug/Obj/blinky_example/nrfx_gpiote.o
 .debug_macro   0x00000000000182d6       0x45 Output/Debug/Obj/blinky_example/nrfx_gpiote.o
 .debug_macro   0x000000000001831b       0x16 Output/Debug/Obj/blinky_example/nrfx_gpiote.o
 .debug_macro   0x0000000000018331      0x183 Output/Debug/Obj/blinky_example/app_error_handler_gcc.o
 .debug_macro   0x00000000000184b4      0x229 Output/Debug/Obj/blinky_example/app_error_weak.o
 .debug_macro   0x00000000000186dd       0x64 Output/Debug/Obj/blinky_example/app_error_weak.o
 .debug_macro   0x0000000000018741       0x31 Output/Debug/Obj/blinky_example/app_error_weak.o
 .debug_macro   0x0000000000018772       0x16 Output/Debug/Obj/blinky_example/app_error_weak.o
 .debug_macro   0x0000000000018788      0x17f Output/Debug/Obj/blinky_example/app_error_weak.o
 .debug_macro   0x0000000000018907       0x28 Output/Debug/Obj/blinky_example/app_error_weak.o
 .debug_macro   0x000000000001892f       0x23 Output/Debug/Obj/blinky_example/app_error_weak.o
 .debug_macro   0x0000000000018952       0x1c Output/Debug/Obj/blinky_example/app_error_weak.o
 .debug_macro   0x000000000001896e      0x146 Output/Debug/Obj/blinky_example/app_util_platform.o
 .debug_macro   0x0000000000018ab4      0x139 Output/Debug/Obj/blinky_example/nrf_assert.o
 .debug_macro   0x0000000000018bed       0x10 Output/Debug/Obj/blinky_example/nrf_assert.o
 .debug_macro   0x0000000000018bfd      0x12a Output/Debug/Obj/blinky_example/app_error.o
 .debug_macro   0x0000000000018d27      0x145 Output/Debug/Obj/blinky_example/system_nrf52840.o
 .debug_macro   0x0000000000018e6c      0x44e Output/Debug/Obj/blinky_example/system_nrf52840.o
 .debug_macro   0x00000000000192ba      0xa28 Output/Debug/Obj/blinky_example/system_nrf52840.o
 .debug_macro   0x0000000000019ce2      0x520 Output/Debug/Obj/blinky_example/system_nrf52840.o
 .debug_macro   0x000000000001a202      0x164 Output/Debug/Obj/blinky_example/system_nrf52840.o
 .debug_macro   0x000000000001a366       0x10 Output/Debug/Obj/blinky_example/system_nrf52840.o